 ext_server_ocioralog.x64

 Timestamp is 506793ac (Sun Sep 30 02:34:52 2012)

 Preferred load address is 0000000180000000

 Start         Length     Name                   Class
 0001:00000000 00033350H .text                   CODE
 0001:00033350 00000371H .text$x                 CODE
 0001:000336d0 0000008dH .text$yc                CODE
 0002:00000000 00000338H .idata$5                DATA
 0002:00000338 00000008H .CRT$XCA                DATA
 0002:00000340 00000018H .CRT$XCU                DATA
 0002:00000358 00000008H .CRT$XCZ                DATA
 0002:00000360 00000008H .CRT$XIA                DATA
 0002:00000368 00000018H .CRT$XIC                DATA
 0002:00000380 00000008H .CRT$XIZ                DATA
 0002:00000388 00000008H .CRT$XPA                DATA
 0002:00000390 00000008H .CRT$XPX                DATA
 0002:00000398 00000008H .CRT$XPXA               DATA
 0002:000003a0 00000008H .CRT$XPZ                DATA
 0002:000003a8 00000008H .CRT$XTA                DATA
 0002:000003b0 00000008H .CRT$XTZ                DATA
 0002:000003c0 0000db36H .rdata                  DATA
 0002:0000def8 00000008H .rtc$IAA                DATA
 0002:0000df00 00000008H .rtc$IZZ                DATA
 0002:0000df08 00000008H .rtc$TAA                DATA
 0002:0000df10 00000008H .rtc$TZZ                DATA
 0002:0000df18 00002574H .xdata                  DATA
 0002:0001048c 00000020H .didat$2                DATA
 0002:000104ac 00000020H .didat$3                DATA
 0002:000104d0 00000050H .didat$4                DATA
 0002:00010520 000000bcH .didat$6                DATA
 0002:000105e0 00000050H .didat$7                DATA
 0002:00010630 0000003cH .idata$2                DATA
 0002:0001066c 00000014H .idata$3                DATA
 0002:00010680 00000338H .idata$4                DATA
 0002:000109b8 0000074eH .idata$6                DATA
 0002:00011110 0000009eH .edata                  DATA
 0003:00000000 0003bf40H .data                   DATA
 0003:0003bf40 00000050H .didat$5                DATA
 0003:0003bfa0 000032a0H .bss                    DATA
 0004:00000000 000021f0H .pdata                  DATA

  Address         Publics by Value              Rva+Base               Lib:Object

 0000:00000000       ___safe_se_handler_table   0000000000000000     <absolute>
 0000:00000000       ___safe_se_handler_count   0000000000000000     <absolute>
 0000:00000000       __ImageBase                0000000180000000     <linker-defined>
 0001:00000000       GetInstruction             0000000180001000 f   disasm.obj
 0001:00000140       X86_InitInstruction        0000000180001140 f   disasm_x86.obj
 0001:000001e0       OutputAddress              00000001800011e0 f   disasm_x86.obj
 0001:00000b90       OutputBounds               0000000180001b90 f   disasm_x86.obj
 0001:00000ca0       OutputDescriptor           0000000180001ca0 f   disasm_x86.obj
 0001:00000d00       OutputPackedReal           0000000180001d00 f   disasm_x86.obj
 0001:00000d00       OutputPackedBCD            0000000180001d00 f   disasm_x86.obj
 0001:00000d00       OutputScalarReal           0000000180001d00 f   disasm_x86.obj
 0001:00000d00       OutputGeneral              0000000180001d00 f   disasm_x86.obj
 0001:00000da0       OutputScalarGeneral        0000000180001da0 f   disasm_x86.obj
 0001:00000dc0       OutputFPUEnvironment       0000000180001dc0 f   disasm_x86.obj
 0001:00000e20       OutputFPUState             0000000180001e20 f   disasm_x86.obj
 0001:00000e80       OutputCPUState             0000000180001e80 f   disasm_x86.obj
 0001:00000ee0       OutputSegOffset            0000000180001ee0 f   disasm_x86.obj
 0001:00000f40       X86_FindFunctionByPrologue 0000000180001f40 f   disasm_x86.obj
 0001:00000f70       X86_GetInstruction         0000000180001f70 f   disasm_x86.obj
 0001:0000dc10       Mhook_SetHook              000000018000ec10 f   mhook.obj
 0001:0000e080       Mhook_Unhook               000000018000f080 f   mhook.obj
 0001:0000e200       eip                        000000018000f200 f   ocioralog.obj
 0001:0000e210       ReflectiveLoader           000000018000f210 f   ocioralog.obj
 0001:0000e5d0       DllMain                    000000018000f5d0 f   ocioralog.obj
 0001:0000e660       m_OCISERVERATTACH          000000018000f660 f   ocioralog.obj
 0001:0000e7c0       m_OCIATTRSET               000000018000f7c0 f   ocioralog.obj
 0001:0000e8d0       m_OCISTMTEXECUTE           000000018000f8d0 f   ocioralog.obj
 0001:0000e950       logUsernamePassword        000000018000f950 f   ocioralog.obj
 0001:0000ebc0       logSQLStmt                 000000018000fbc0 f   ocioralog.obj
 0001:0000ecc0       hookOCIServerAttach        000000018000fcc0 f   ocioralog.obj
 0001:0000ee40       request_ocioralog_hookOCIServerAttach 000000018000fe40 f   ocioralog.obj
 0001:0000ef60       hookOCIStmtExecute         000000018000ff60 f   ocioralog.obj
 0001:0000f0e0       request_ocioralog_hookOCIStmtExecute 00000001800100e0 f   ocioralog.obj
 0001:0000f200       hookOCIAttrSet             0000000180010200 f   ocioralog.obj
 0001:0000f380       request_ocioralog_hookOCIAttrSet 0000000180010380 f   ocioralog.obj
 0001:0000f4a0       request_ocioralog_hook     00000001800104a0 f   ocioralog.obj
 0001:0000f580       unhookOCIServerAttach      0000000180010580 f   ocioralog.obj
 0001:0000f630       request_ocioralog_unhookOCIServerAttach 0000000180010630 f   ocioralog.obj
 0001:0000f6a0       unhookOCIStmtExecute       00000001800106a0 f   ocioralog.obj
 0001:0000f750       request_ocioralog_unhookOCIStmtExecute 0000000180010750 f   ocioralog.obj
 0001:0000f7c0       unhookOCIAttrSet           00000001800107c0 f   ocioralog.obj
 0001:0000f870       request_ocioralog_unhookOCIAttrSet 0000000180010870 f   ocioralog.obj
 0001:0000f8e0       request_ocioralog_unhook   00000001800108e0 f   ocioralog.obj
 0001:0000f950       request_ocioralog_getlogfile 0000000180010950 f   ocioralog.obj
 0001:0000faf0       request_ocioralog_setlogfile 0000000180010af0 f   ocioralog.obj
 0001:0000fc40       InitServerExtension        0000000180010c40 f   ocioralog.obj
 0001:0000fd80       DeinitServerExtension      0000000180010d80 f   ocioralog.obj
 0001:0000fe39       __imp_load_packet_add_tlv_uint 0000000180010e39     metsrv:metsrv.dll
 0001:0000fe45       __tailMerge_metsrv_dll     0000000180010e45     metsrv:metsrv.dll
 0001:0000febe       __imp_load_packet_transmit 0000000180010ebe     metsrv:metsrv.dll
 0001:0000feca       __imp_load_packet_add_tlv_string 0000000180010eca     metsrv:metsrv.dll
 0001:0000fed6       __imp_load_packet_get_tlv_value_string 0000000180010ed6     metsrv:metsrv.dll
 0001:0000fee2       __imp_load_packet_create_response 0000000180010ee2     metsrv:metsrv.dll
 0001:0000feee       __imp_load_command_register 0000000180010eee     metsrv:metsrv.dll
 0001:0000fefa       __imp_load_packet_get_tlv  0000000180010efa     metsrv:metsrv.dll
 0001:0000ff06       __imp_load_Init            0000000180010f06     metsrv:metsrv.dll
 0001:0000ff12       __imp_load_command_deregister 0000000180010f12     metsrv:metsrv.dll
 0001:0000ff20       EVP_DecryptInit_ex         0000000180010f20 f   libeay32:evp_enc.obj
 0001:0000ff50       EVP_EncryptUpdate          0000000180010f50 f   libeay32:evp_enc.obj
 0001:000100e0       EVP_DecryptUpdate          00000001800110e0 f   libeay32:evp_enc.obj
 0001:00010220       EVP_DecryptFinal_ex        0000000180011220 f   libeay32:evp_enc.obj
 0001:00010670       EVP_des_cbc                0000000180011670 f   libeay32:e_des.obj
 0001:00010700       EVP_CIPHER_CTX_init        0000000180011700 f   libeay32:enc_min.obj
 0001:000107e0       EVP_CIPHER_CTX_cleanup     00000001800117e0 f   libeay32:enc_min.obj
 0001:00010860       EVP_CIPHER_CTX_ctrl        0000000180011860 f   libeay32:enc_min.obj
 0001:000108d0       EVP_CIPHER_CTX_iv_length   00000001800118d0 f   libeay32:enc_min.obj
 0001:000108e0       EVP_CipherInit_ex          00000001800118e0 f   libeay32:enc_min.obj
 0001:00010ba0       CRYPTO_malloc              0000000180011ba0 f   libeay32:mem.obj
 0001:00010c70       CRYPTO_realloc             0000000180011c70 f   libeay32:mem.obj
 0001:00010d40       CRYPTO_realloc_clean       0000000180011d40 f   libeay32:mem.obj
 0001:00010e50       CRYPTO_free                0000000180011e50 f   libeay32:mem.obj
 0001:00010ea0       CRYPTO_push_info_          0000000180011ea0 f   libeay32:mem.obj
 0001:00010ed0       CRYPTO_pop_info            0000000180011ed0 f   libeay32:mem.obj
 0001:00010f20       CRYPTO_thread_id           0000000180011f20 f   libeay32:cryptlib.obj
 0001:00010f50       CRYPTO_lock                0000000180011f50 f   libeay32:cryptlib.obj
 0001:00010f80       CRYPTO_add_lock            0000000180011f80 f   libeay32:cryptlib.obj
 0001:00011090       OPENSSL_isservice          0000000180012090 f   libeay32:cryptlib.obj
 0001:000111c0       OPENSSL_showfatal          00000001800121c0 f   libeay32:cryptlib.obj
 0001:00011490       OpenSSLDie                 0000000180012490 f   libeay32:cryptlib.obj
 0001:000114c0       ERR_put_error              00000001800124c0 f   libeay32:err.obj
 0001:000115e0       ERR_clear_error            00000001800125e0 f   libeay32:err.obj
 0001:00011690       ERR_add_error_data         0000000180012690 f   libeay32:err.obj
 0001:00011810       ERR_peek_error             0000000180012810 f   libeay32:err.obj
 0001:00011860       RAND_get_rand_method       0000000180012860 f   libeay32:rand_lib.obj
 0001:000118d0       RAND_add                   00000001800128d0 f   libeay32:rand_lib.obj
 0001:00011920       RAND_bytes                 0000000180012920 f   libeay32:rand_lib.obj
 0001:00011970       EVP_CIPHER_get_asn1_iv     0000000180012970 f   libeay32:evp_lib.obj
 0001:00011a10       EVP_CIPHER_set_asn1_iv     0000000180012a10 f   libeay32:evp_lib.obj
 0001:00011a90       DES_ecb_encrypt            0000000180012a90 f   libeay32:ecb_enc.obj
 0001:00011b60       DES_ofb64_encrypt          0000000180012b60 f   libeay32:ofb64enc.obj
 0001:00011d60       DES_encrypt1               0000000180012d60 f   libeay32:des_enc.obj
 0001:00012370       DES_ncbc_encrypt           0000000180013370 f   libeay32:des_enc.obj
 0001:00012900       DES_cfb64_encrypt          0000000180013900 f   libeay32:cfb64enc.obj
 0001:00012b50       DES_cfb_encrypt            0000000180013b50 f   libeay32:cfb_enc.obj
 0001:00013260       DES_set_odd_parity         0000000180014260 f   libeay32:set_key.obj
 0001:000132c0       DES_set_key_unchecked      00000001800142c0 f   libeay32:set_key.obj
 0001:00013570       ENGINE_get_cipher_engine   0000000180014570 f   libeay32:tb_cipher.obj
 0001:00013590       ENGINE_get_cipher          0000000180014590 f   libeay32:tb_cipher.obj
 0001:000135f0       engine_unlocked_init       00000001800145f0 f   libeay32:eng_init.obj
 0001:00013640       engine_unlocked_finish     0000000180014640 f   libeay32:eng_init.obj
 0001:00013710       ENGINE_init                0000000180014710 f   libeay32:eng_init.obj
 0001:000137c0       ENGINE_finish              00000001800147c0 f   libeay32:eng_init.obj
 0001:000138f0       OPENSSL_cleanse            00000001800148f0 f   libeay32:mem_clr.obj
 0001:00013eb0       ERR_get_state              0000000180014eb0 f   libeay32:err_def.obj
 0001:000141f0       BUF_strlcpy                00000001800151f0 f   libeay32:buf_str.obj
 0001:00014250       BUF_strlcat                0000000180015250 f   libeay32:buf_str.obj
 0001:000142d0       RAND_SSLeay                00000001800152d0 f   libeay32:md_rand.obj
 0001:00014dc0       ENGINE_get_default_RAND    0000000180015dc0 f   libeay32:tb_rand.obj
 0001:00014de0       ENGINE_get_RAND            0000000180015de0 f   libeay32:tb_rand.obj
 0001:00014df0       ASN1_TYPE_set_octetstring  0000000180015df0 f   libeay32:evp_asn1.obj
 0001:00014e70       ASN1_TYPE_get_octetstring  0000000180015e70 f   libeay32:evp_asn1.obj
 0001:00014ef0       ASN1_OBJECT_new            0000000180015ef0 f   libeay32:a_object.obj
 0001:00014f60       ASN1_OBJECT_free           0000000180015f60 f   libeay32:a_object.obj
 0001:00014fe0       c2i_ASN1_OBJECT            0000000180015fe0 f   libeay32:a_object.obj
 0001:00015100       OBJ_nid2obj                0000000180016100 f   libeay32:obj_dat.obj
 0001:000151b0       OBJ_obj2nid                00000001800161b0 f   libeay32:obj_dat.obj
 0001:000152d0       engine_table_select        00000001800162d0 f   libeay32:eng_table.obj
 0001:00015420       engine_free_util           0000000180016420 f   libeay32:eng_lib.obj
 0001:000154d0       lh_free                    00000001800164d0 f   libeay32:lhash.obj
 0001:00015560       lh_doall                   0000000180016560 f   libeay32:lhash.obj
 0001:000157a0       lh_strhash                 00000001800167a0 f   libeay32:lhash.obj
 0001:00015800       lh_num_items               0000000180016800 f   libeay32:lhash.obj
 0001:00015810       lh_new                     0000000180016810 f   libeay32:lhash.obj
 0001:00015930       lh_insert                  0000000180016930 f   libeay32:lhash.obj
 0001:00015a40       lh_delete                  0000000180016a40 f   libeay32:lhash.obj
 0001:00015b30       lh_retrieve                0000000180016b30 f   libeay32:lhash.obj
 0001:00015bf0       EVP_MD_CTX_init            0000000180016bf0 f   libeay32:digest.obj
 0001:00015d00       EVP_DigestInit_ex          0000000180016d00 f   libeay32:digest.obj
 0001:00015db0       EVP_DigestUpdate           0000000180016db0 f   libeay32:digest.obj
 0001:00015dd0       EVP_DigestFinal_ex         0000000180016dd0 f   libeay32:digest.obj
 0001:00015e70       EVP_MD_CTX_cleanup         0000000180016e70 f   libeay32:digest.obj
 0001:00015f60       EVP_sha1                   0000000180016f60 f   libeay32:m_sha1.obj
 0001:000160e0       RAND_poll                  00000001800170e0 f   libeay32:rand_win.obj
 0001:000168f0       ASN1_TYPE_get              00000001800178f0 f   libeay32:a_type.obj
 0001:00016910       ASN1_TYPE_set              0000000180017910 f   libeay32:a_type.obj
 0001:00016980       ASN1_put_eoc               0000000180017980 f   libeay32:asn1_lib.obj
 0001:000169a0       ASN1_object_size           00000001800179a0 f   libeay32:asn1_lib.obj
 0001:000169e0       ASN1_STRING_set            00000001800179e0 f   libeay32:asn1_lib.obj
 0001:00016b00       ASN1_STRING_type_new       0000000180017b00 f   libeay32:asn1_lib.obj
 0001:00016b70       ASN1_get_object            0000000180017b70 f   libeay32:asn1_lib.obj
 0001:00016d40       ASN1_put_object            0000000180017d40 f   libeay32:asn1_lib.obj
 0001:00016e70       ASN1_OCTET_STRING_it       0000000180017e70 f   libeay32:tasn_typ.obj
 0001:00016e80       ASN1_OBJECT_it             0000000180017e80 f   libeay32:tasn_typ.obj
 0001:00016e90       ASN1_ANY_it                0000000180017e90 f   libeay32:tasn_typ.obj
 0001:00016ea0       ASN1_TYPE_new              0000000180017ea0 f   libeay32:tasn_typ.obj
 0001:00016ec0       ASN1_TYPE_free             0000000180017ec0 f   libeay32:tasn_typ.obj
 0001:00016ee0       i2c_ASN1_INTEGER           0000000180017ee0 f   libeay32:a_int.obj
 0001:00017070       c2i_ASN1_INTEGER           0000000180018070 f   libeay32:a_int.obj
 0001:00017240       ASN1_INTEGER_get           0000000180018240 f   libeay32:a_int.obj
 0001:000172b0       BN_num_bits_word           00000001800182b0 f   libeay32:bn_lib.obj
 0001:000173c0       BN_num_bits                00000001800183c0 f   libeay32:bn_lib.obj
 0001:00017400       BIO_clear_flags            0000000180018400 f   libeay32:bio_lib.obj
 0001:00017410       sk_new                     0000000180018410 f   libeay32:stack.obj
 0001:000174b0       sk_insert                  00000001800184b0 f   libeay32:stack.obj
 0001:000175a0       sk_push                    00000001800185a0 f   libeay32:stack.obj
 0001:000175c0       sk_pop                     00000001800185c0 f   libeay32:stack.obj
 0001:000175f0       sk_free                    00000001800185f0 f   libeay32:stack.obj
 0001:000175f0       ASN1_STRING_free           00000001800185f0 f   libeay32:asn1_lib.obj
 0001:00017630       sk_num                     0000000180018630 f   libeay32:stack.obj
 0001:00017640       sk_value                   0000000180018640 f   libeay32:stack.obj
 0001:00017660       sk_set                     0000000180018660 f   libeay32:stack.obj
 0001:00017680       sk_new_null                0000000180018680 f   libeay32:stack.obj
 0001:000176a0       sk_pop_free                00000001800186a0 f   libeay32:stack.obj
 0001:00017c10       CRYPTO_free_ex_data        0000000180018c10 f   libeay32:ex_data.obj
 0001:00017c70       CRYPTO_set_ex_data         0000000180018c70 f   libeay32:ex_data.obj
 0001:000182a0       ENGINE_get_digest_engine   00000001800192a0 f   libeay32:tb_digest.obj
 0001:000182c0       ENGINE_get_digest          00000001800192c0 f   libeay32:tb_digest.obj
 0001:00018320       RSA_sign                   0000000180019320 f   libeay32:rsa_sign.obj
 0001:00018590       RSA_verify                 0000000180019590 f   libeay32:rsa_sign.obj
 0001:00018840       SHA1_Init                  0000000180019840 f   libeay32:sha1dgst.obj
 0001:00019c00       SHA1_Update                000000018001ac00 f   libeay32:sha1dgst.obj
 0001:00019d30       SHA1_Final                 000000018001ad30 f   libeay32:sha1dgst.obj
 0001:00019ed0       SHA224_Init                000000018001aed0 f   libeay32:sha256.obj
 0001:00019f20       SHA256_Init                000000018001af20 f   libeay32:sha256.obj
 0001:0001aff0       SHA256_Update              000000018001bff0 f   libeay32:sha256.obj
 0001:0001b120       SHA256_Final               000000018001c120 f   libeay32:sha256.obj
 0001:0001b450       SHA384_Init                000000018001c450 f   libeay32:sha512.obj
 0001:0001b4e0       SHA512_Init                000000018001c4e0 f   libeay32:sha512.obj
 0001:0001cc30       SHA512_Final               000000018001dc30 f   libeay32:sha512.obj
 0001:0001d1f0       SHA512_Update              000000018001e1f0 f   libeay32:sha512.obj
 0001:0001d300       ASN1_primitive_free        000000018001e300 f   libeay32:tasn_fre.obj
 0001:0001d650       ASN1_template_free         000000018001e650 f   libeay32:tasn_fre.obj
 0001:0001d710       ASN1_item_free             000000018001e710 f   libeay32:tasn_fre.obj
 0001:0001d740       ASN1_item_ex_free          000000018001e740 f   libeay32:tasn_fre.obj
 0001:0001d760       asn1_ex_c2i                000000018001e760 f   libeay32:tasn_dec.obj
 0001:0001e7e0       ASN1_item_ex_d2i           000000018001f7e0 f   libeay32:tasn_dec.obj
 0001:0001f7c0       ASN1_item_d2i              00000001800207c0 f   libeay32:tasn_dec.obj
 0001:0001f830       BUF_MEM_grow_clean         0000000180020830 f   libeay32:buffer.obj
 0001:0001fcb0       asn1_ex_i2c                0000000180020cb0 f   libeay32:tasn_enc.obj
 0001:00020070       ASN1_item_ex_i2d           0000000180021070 f   libeay32:tasn_enc.obj
 0001:00020760       ASN1_item_i2d              0000000180021760 f   libeay32:tasn_enc.obj
 0001:00020780       ASN1_primitive_new         0000000180021780 f   libeay32:tasn_new.obj
 0001:00020880       asn1_primitive_clear       0000000180021880 f   libeay32:tasn_new.obj
 0001:00020c40       ASN1_item_ex_new           0000000180021c40 f   libeay32:tasn_new.obj
 0001:00020c60       ASN1_template_new          0000000180021c60 f   libeay32:tasn_new.obj
 0001:00020d40       ASN1_item_new              0000000180021d40 f   libeay32:tasn_new.obj
 0001:000212f0       RSA_private_encrypt        00000001800222f0 f   libeay32:rsa_lib.obj
 0001:00021320       RSA_public_decrypt         0000000180022320 f   libeay32:rsa_lib.obj
 0001:00021350       RSA_size                   0000000180022350 f   libeay32:rsa_lib.obj
 0001:00021380       d2i_X509_SIG               0000000180022380 f   libeay32:x_sig.obj
 0001:000213a0       i2d_X509_SIG               00000001800223a0 f   libeay32:x_sig.obj
 0001:000213c0       X509_SIG_free              00000001800223c0 f   libeay32:x_sig.obj
 0001:000213e0       asn1_get_choice_selector   00000001800223e0 f   libeay32:tasn_utl.obj
 0001:000213f0       asn1_set_choice_selector   00000001800223f0 f   libeay32:tasn_utl.obj
 0001:00021400       asn1_do_lock               0000000180022400 f   libeay32:tasn_utl.obj
 0001:00021470       asn1_enc_init              0000000180022470 f   libeay32:tasn_utl.obj
 0001:000214b0       asn1_enc_free              00000001800224b0 f   libeay32:tasn_utl.obj
 0001:00021510       asn1_enc_save              0000000180022510 f   libeay32:tasn_utl.obj
 0001:000215c0       asn1_enc_restore           00000001800225c0 f   libeay32:tasn_utl.obj
 0001:00021660       asn1_get_field_ptr         0000000180022660 f   libeay32:tasn_utl.obj
 0001:00021680       asn1_do_adb                0000000180022680 f   libeay32:tasn_utl.obj
 0001:00021760       i2c_ASN1_BIT_STRING        0000000180022760 f   libeay32:a_bitstr.obj
 0001:000218b0       c2i_ASN1_BIT_STRING        00000001800228b0 f   libeay32:a_bitstr.obj
 0001:00021a00       X509_ALGOR_it              0000000180022a00 f   libeay32:x_algor.obj
 0001:00021a08       __delayLoadHelper2         0000000180022a08 f   Delayimp:delayhlp.obj
 0001:00021cd0       delayHook                  0000000180022cd0 f   ReflectiveDllInjection:DelayLoadMetSrv.obj
 0001:00021d50       GetProcAddressR            0000000180022d50 f   ReflectiveDllInjection:GetProcAddressR.obj
 0001:00021e60       __security_check_cookie    0000000180022e60 f   LIBCMT:amdsecgs.obj
 0001:00021ea4       _wassert                   0000000180022ea4 f   LIBCMT:wassert.obj
 0001:00022790       memcpy                     0000000180023790 f   LIBCMT:memcpy.obj
 0001:00022790       memmove                    0000000180023790     LIBCMT:memcpy.obj
 0001:00022ac4       __iob_func                 0000000180023ac4 f   LIBCMT:_file.obj
 0001:00022acc       __initstdio                0000000180023acc f   LIBCMT:_file.obj
 0001:00022bac       __endstdio                 0000000180023bac f   LIBCMT:_file.obj
 0001:00022bd4       _lock_file                 0000000180023bd4 f   LIBCMT:_file.obj
 0001:00022c38       _lock_file2                0000000180023c38 f   LIBCMT:_file.obj
 0001:00022c6c       _unlock_file               0000000180023c6c f   LIBCMT:_file.obj
 0001:00022cb8       _unlock_file2              0000000180023cb8 f   LIBCMT:_file.obj
 0001:00022cd8       _flush                     0000000180023cd8 f   LIBCMT:fflush.obj
 0001:00022d54       _fflush_nolock             0000000180023d54 f   LIBCMT:fflush.obj
 0001:00022e8c       fflush                     0000000180023e8c f   LIBCMT:fflush.obj
 0001:00022ed0       _flushall                  0000000180023ed0 f   LIBCMT:fflush.obj
 0001:00022edc       _snprintf                  0000000180023edc f   LIBCMT:snprintf.obj
 0001:00022f90       printf                     0000000180023f90 f   LIBCMT:printf.obj
 0001:0002303c       _get_printf_count_output   000000018002403c f   LIBCMT:printf.obj
 0001:00023054       ??0_LocaleUpdate@@QEAA@PEAUlocaleinfo_struct@@@Z 0000000180024054 f i LIBCMT:_ctype.obj
 0001:000230f8       isdigit                    00000001800240f8 f i LIBCMT:_ctype.obj
 0001:00023178       free                       0000000180024178 f   LIBCMT:free.obj
 0001:000231b8       malloc                     00000001800241b8 f   LIBCMT:malloc.obj
 0001:00023270       strchr                     0000000180024270 f   LIBCMT:strchr.obj
 0001:0002328c       sprintf                    000000018002428c f   LIBCMT:sprintf.obj
 0001:00023340       strncat                    0000000180024340 f   LIBCMT:strncat.obj
 0001:000234f0       strncpy                    00000001800244f0 f   LIBCMT:strncpy.obj
 0001:00023654       fgets                      0000000180024654 f   LIBCMT:fgets.obj
 0001:000237bc       _fsopen                    00000001800247bc f   LIBCMT:fopen.obj
 0001:00023894       fopen                      0000000180024894 f   LIBCMT:fopen.obj
 0001:000238a0       fprintf                    00000001800248a0 f   LIBCMT:fprintf.obj
 0001:000239d0       _ftell_nolock              00000001800249d0 f   LIBCMT:ftell.obj
 0001:00023b88       ftell                      0000000180024b88 f   LIBCMT:ftell.obj
 0001:00023be0       _fseek_nolock              0000000180024be0 f   LIBCMT:fseek.obj
 0001:00023c94       fseek                      0000000180024c94 f   LIBCMT:fseek.obj
 0001:00023d10       _getenv_helper_nolock      0000000180024d10 f   LIBCMT:getenv.obj
 0001:00023db4       getenv                     0000000180024db4 f   LIBCMT:getenv.obj
 0001:00023e20       _fclose_nolock             0000000180024e20 f   LIBCMT:fclose.obj
 0001:00023e9c       fclose                     0000000180024e9c f   LIBCMT:fclose.obj
 0001:00023f04       _CRT_INIT                  0000000180024f04 f   LIBCMT:dllcrt0.obj
 0001:00024174       _DllMainCRTStartup         0000000180025174 f   LIBCMT:dllcrt0.obj
 0001:000241d0       __chkstk                   00000001800251d0 f   LIBCMT:chkstk.obj
 0001:000241d0       _alloca_probe              00000001800251d0     LIBCMT:chkstk.obj
 0001:00024230       memset                     0000000180025230 f   LIBCMT:memset.obj
 0001:0002431c       realloc                    000000018002531c f   LIBCMT:realloc.obj
 0001:000243f0       __GSHandlerCheckCommon     00000001800253f0 f   LIBCMT:gshandler.obj
 0001:00024454       __GSHandlerCheck           0000000180025454 f   LIBCMT:gshandler.obj
 0001:00024474       wcsstr                     0000000180025474 f   LIBCMT:wcsstr.obj
 0001:000244d8       _vsnwprintf_l              00000001800254d8 f   LIBCMT:vsnwprnt.obj
 0001:000245d4       _vsnwprintf                00000001800255d4 f   LIBCMT:vsnwprnt.obj
 0001:000245ec       vfprintf_helper            00000001800255ec f   LIBCMT:vfprintf.obj
 0001:00024730       vfprintf                   0000000180025730 f   LIBCMT:vfprintf.obj
 0001:00024754       abort                      0000000180025754 f   LIBCMT:abort.obj
 0001:00024794       _cfltcvt_init              0000000180025794 f   LIBCMT:_fpinit_.obj
 0001:0002481c       _fpmath                    000000018002581c f   LIBCMT:_fpinit_.obj
 0001:00024824       memchr                     0000000180025824 f   LIBCMT:memchr.obj
 0001:00024850       memcmp                     0000000180025850 f   LIBCMT:memcmp.obj
 0001:00024930       strcmp                     0000000180025930 f   LIBCMT:strcmp.obj
 0001:00024aa0       qsort                      0000000180025aa0 f   LIBCMT:qsort.obj
 0001:00024d98       feof                       0000000180025d98 f   LIBCMT:feoferr.obj
 0001:00024dc0       ferror                     0000000180025dc0 f   LIBCMT:feoferr.obj
 0001:00024de8       _fread_nolock_s            0000000180025de8 f   LIBCMT:fread.obj
 0001:00025020       fread_s                    0000000180026020 f   LIBCMT:fread.obj
 0001:000250c8       fread                      00000001800260c8 f   LIBCMT:fread.obj
 0001:000250e8       _fwrite_nolock             00000001800260e8 f   LIBCMT:fwrite.obj
 0001:00025274       fwrite                     0000000180026274 f   LIBCMT:fwrite.obj
 0001:00025304       _setmode_nolock            0000000180026304 f   LIBCMT:setmode.obj
 0001:000253d4       _get_fmode                 00000001800263d4 f   LIBCMT:setmode.obj
 0001:00025404       _setmode                   0000000180026404 f   LIBCMT:setmode.obj
 0001:00025500       _fileno                    0000000180026500 f   LIBCMT:fileno.obj
 0001:00025528       _get_errno_from_oserr      0000000180026528 f   LIBCMT:dosmap.obj
 0001:00025570       _errno                     0000000180026570 f   LIBCMT:dosmap.obj
 0001:00025590       __doserrno                 0000000180026590 f   LIBCMT:dosmap.obj
 0001:000255b0       _dosmaperr                 00000001800265b0 f   LIBCMT:dosmap.obj
 0001:000255f8       __C_specific_handler       00000001800265f8 f   LIBCMT:chandler.obj
 0001:000257f8       __report_gsfailure         00000001800267f8 f   LIBCMT:gs_report.obj
 0001:00025944       _initp_misc_invarg         0000000180026944 f   LIBCMT:invarg.obj
 0001:0002594c       _call_reportfault          000000018002694c f   LIBCMT:invarg.obj
 0001:00025a98       _invoke_watson             0000000180026a98 f   LIBCMT:invarg.obj
 0001:00025acc       _invalid_parameter         0000000180026acc f   LIBCMT:invarg.obj
 0001:00025b3c       _invalid_parameter_noinfo  0000000180026b3c f   LIBCMT:invarg.obj
 0001:00025b5c       _vswprintf_helper          0000000180026b5c f   LIBCMT:vswprnc.obj
 0001:00025c78       _vswprintf_c_l             0000000180026c78 f   LIBCMT:vswprnc.obj
 0001:00025cb0       fwprintf                   0000000180026cb0 f   LIBCMT:fwprintf.obj
 0001:00025d44       setvbuf                    0000000180026d44 f   LIBCMT:setvbuf.obj
 0001:00025e54       __crtCorExitProcess        0000000180026e54 f   LIBCMT:crt0dat.obj
 0001:00025e90       __crtExitProcess           0000000180026e90 f   LIBCMT:crt0dat.obj
 0001:00025ea8       _lockexit                  0000000180026ea8 f   LIBCMT:crt0dat.obj
 0001:00025eb4       _unlockexit                0000000180026eb4 f   LIBCMT:crt0dat.obj
 0001:00025ec0       _init_pointers             0000000180026ec0 f   LIBCMT:crt0dat.obj
 0001:00025f38       _initterm_e                0000000180026f38 f   LIBCMT:crt0dat.obj
 0001:00025f74       _cinit                     0000000180026f74 f   LIBCMT:crt0dat.obj
 0001:000261b4       _exit                      00000001800271b4 f   LIBCMT:crt0dat.obj
 0001:000261c0       _cexit                     00000001800271c0 f   LIBCMT:crt0dat.obj
 0001:000261d0       _amsg_exit                 00000001800271d0 f   LIBCMT:crt0dat.obj
 0001:000261f8       _initp_misc_winsig         00000001800271f8 f   LIBCMT:winsig.obj
 0001:00026218       __get_sigabrt              0000000180027218 f   LIBCMT:winsig.obj
 0001:00026228       raise                      0000000180027228 f   LIBCMT:winsig.obj
 0001:0002645c       __crtMessageBoxW           000000018002745c f   LIBCMT:crtmboxw.obj
 0001:00026770       _itow_s                    0000000180027770 f   LIBCMT:xtows.obj
 0001:00026798       wcsncat_s                  0000000180027798 f   LIBCMT:wcsncat_s.obj
 0001:00026880       wcsncpy_s                  0000000180027880 f   LIBCMT:wcsncpy_s.obj
 0001:00026950       wcslen                     0000000180027950 f   LIBCMT:wcslen.obj
 0001:0002696c       wcscat_s                   000000018002796c f   LIBCMT:wcscat_s.obj
 0001:000269f4       wcscpy_s                   00000001800279f4 f   LIBCMT:wcscpy_s.obj
 0001:00026a60       _set_error_mode            0000000180027a60 f   LIBCMT:errmode.obj
 0001:00026aa0       _ioinit                    0000000180027aa0 f   LIBCMT:ioinit.obj
 0001:00026d74       _ioterm                    0000000180027d74 f   LIBCMT:ioinit.obj
 0001:00026de8       _malloc_crt                0000000180027de8 f   LIBCMT:crtheap.obj
 0001:00026e68       _calloc_crt                0000000180027e68 f   LIBCMT:crtheap.obj
 0001:00026eec       _realloc_crt               0000000180027eec f   LIBCMT:crtheap.obj
 0001:00026f74       _recalloc_crt              0000000180027f74 f   LIBCMT:crtheap.obj
 0001:00026ffc       _fcloseall                 0000000180027ffc f   LIBCMT:closeall.obj
 0001:000270a8       _mtinitlocks               00000001800280a8 f   LIBCMT:mlock.obj
 0001:0002712c       _mtdeletelocks             000000018002812c f   LIBCMT:mlock.obj
 0001:000271b4       _unlock                    00000001800281b4 f   LIBCMT:mlock.obj
 0001:000271cc       _mtinitlocknum             00000001800281cc f   LIBCMT:mlock.obj
 0001:000272b4       _lock                      00000001800282b4 f   LIBCMT:mlock.obj
 0001:000272f8       _write_nolock              00000001800282f8 f   LIBCMT:write.obj
 0001:00027a58       _write                     0000000180028a58 f   LIBCMT:write.obj
 0001:00027b38       _commit                    0000000180028b38 f   LIBCMT:commit.obj
 0001:00027c10       _flsbuf                    0000000180028c10 f   LIBCMT:_flsbuf.obj
 0001:00027ee4       _output_l                  0000000180028ee4 f   LIBCMT:output.obj
 0001:00028948       _stbuf                     0000000180029948 f   LIBCMT:_sftbuf.obj
 0001:00028a1c       _ftbuf                     0000000180029a1c f   LIBCMT:_sftbuf.obj
 0001:00028cd0       __updatetmbcinfo           0000000180029cd0 f   LIBCMT:mbctype.obj
 0001:00028e1c       _setmbcp_nolock            0000000180029e1c f   LIBCMT:mbctype.obj
 0001:00029094       _setmbcp                   000000018002a094 f   LIBCMT:mbctype.obj
 0001:00029274       __initmbctable             000000018002a274 f   LIBCMT:mbctype.obj
 0001:0002929c       __addlocaleref             000000018002a29c f   LIBCMT:localref.obj
 0001:00029328       __removelocaleref          000000018002a328 f   LIBCMT:localref.obj
 0001:000293cc       __freetlocinfo             000000018002a3cc f   LIBCMT:localref.obj
 0001:00029548       _updatetlocinfoEx_nolock   000000018002a548 f   LIBCMT:localref.obj
 0001:000295a0       __updatetlocinfo           000000018002a5a0 f   LIBCMT:localref.obj
 0001:00029618       _encoded_null              000000018002a618 f   LIBCMT:tidtable.obj
 0001:00029624       __set_flsgetvalue          000000018002a624 f   LIBCMT:tidtable.obj
 0001:00029628       _mtterm                    000000018002a628 f   LIBCMT:tidtable.obj
 0001:00029650       _initptd                   000000018002a650 f   LIBCMT:tidtable.obj
 0001:00029708       _getptd_noexit             000000018002a708 f   LIBCMT:tidtable.obj
 0001:0002978c       _getptd                    000000018002a78c f   LIBCMT:tidtable.obj
 0001:000297b0       _freefls                   000000018002a7b0 f   LIBCMT:tidtable.obj
 0001:000298e4       _freeptd                   000000018002a8e4 f   LIBCMT:tidtable.obj
 0001:00029924       _mtinit                    000000018002a924 f   LIBCMT:tidtable.obj
 0001:000299a8       _isctype_l                 000000018002a9a8 f   LIBCMT:isctype.obj
 0001:00029a90       _heap_init                 000000018002aa90 f   LIBCMT:heapinit.obj
 0001:00029ae8       _heap_term                 000000018002aae8 f   LIBCMT:heapinit.obj
 0001:00029b08       _GET_RTERRMSG              000000018002ab08 f   LIBCMT:crt0msg.obj
 0001:00029b34       _NMSG_WRITE                000000018002ab34 f   LIBCMT:crt0msg.obj
 0001:00029d94       _FF_MSGBANNER              000000018002ad94 f   LIBCMT:crt0msg.obj
 0001:00029dd8       _initp_heap_handler        000000018002add8 f   LIBCMT:handler.obj
 0001:00029de0       _callnewh                  000000018002ade0 f   LIBCMT:handler.obj
 0001:00029e14       _filbuf                    000000018002ae14 f   LIBCMT:_filbuf.obj
 0001:00029f68       _openfile                  000000018002af68 f   LIBCMT:_open.obj
 0001:0002a220       _getstream                 000000018002b220 f   LIBCMT:stream.obj
 0001:0002a390       _local_unwind              000000018002b390 f   LIBCMT:jmpuwind.obj
 0001:0002a3c0       _NLG_Notify                000000018002b3c0 f   LIBCMT:jmpuwind.obj
 0001:0002a3e0       __NLG_Dispatch2            000000018002b3e0 f   LIBCMT:jmpuwind.obj
 0001:0002a3f0       __NLG_Return2              000000018002b3f0 f   LIBCMT:jmpuwind.obj
 0001:0002a3f4       _lseek_nolock              000000018002b3f4 f   LIBCMT:lseek.obj
 0001:0002a48c       _lseek                     000000018002b48c f   LIBCMT:lseek.obj
 0001:0002a56c       _mbsnbicoll_l              000000018002b56c f   LIBCMT:mbsnbico.obj
 0001:0002a670       _mbsnbicoll                000000018002b670 f   LIBCMT:mbsnbico.obj
 0001:0002a690       strlen                     000000018002b690 f   LIBCMT:strlen.obj
 0001:0002a738       __wtomb_environ            000000018002b738 f   LIBCMT:wtombenv.obj
 0001:0002a82c       strcpy_s                   000000018002b82c f   LIBCMT:strcpy_s.obj
 0001:0002a890       strnlen                    000000018002b890 f   LIBCMT:strlen_s.obj
 0001:0002a8ac       _close_nolock              000000018002b8ac f   LIBCMT:close.obj
 0001:0002a968       _close                     000000018002b968 f   LIBCMT:close.obj
 0001:0002aa2c       _freebuf                   000000018002ba2c f   LIBCMT:_freebuf.obj
 0001:0002aa64       _setenvp                   000000018002ba64 f   LIBCMT:stdenvp.obj
 0001:0002ad64       _setargv                   000000018002bd64 f   LIBCMT:stdargv.obj
 0001:0002ae5c       __crtGetEnvironmentStringsA 000000018002be5c f   LIBCMT:a_env.obj
 0001:0002af50       _RTC_Initialize            000000018002bf50 f   LIBCMT:_initsect_.obj
 0001:0002af88       _RTC_Terminate             000000018002bf88 f   LIBCMT:_initsect_.obj
 0001:0002afc0       _XcptFilter                000000018002bfc0 f   LIBCMT:winxfltr.obj
 0001:0002b190       __CppXcptFilter            000000018002c190 f   LIBCMT:winxfltr.obj
 0001:0002b1a4       __security_init_cookie     000000018002c1a4 f   LIBCMT:gs_support.obj
 0001:0002b390       _woutput_l                 000000018002c390 f   LIBCMT:woutput.obj
 0001:0002be70       _forcdecpt_l               000000018002ce70 f   LIBCMT:cvt.obj
 0001:0002bef0       _cropzeros_l               000000018002cef0 f   LIBCMT:cvt.obj
 0001:0002bf90       _positive                  000000018002cf90 f   LIBCMT:cvt.obj
 0001:0002bfa8       _fassign_l                 000000018002cfa8 f   LIBCMT:cvt.obj
 0001:0002bfec       _fassign                   000000018002cfec f   LIBCMT:cvt.obj
 0001:0002bff4       _forcdecpt                 000000018002cff4 f   LIBCMT:cvt.obj
 0001:0002bffc       _cropzeros                 000000018002cffc f   LIBCMT:cvt.obj
 0001:0002c238       _cftoe_l                   000000018002d238 f   LIBCMT:cvt.obj
 0001:0002c330       _cftoa_l                   000000018002d330 f   LIBCMT:cvt.obj
 0001:0002c8ac       _cftof_l                   000000018002d8ac f   LIBCMT:cvt.obj
 0001:0002c980       _cftog_l                   000000018002d980 f   LIBCMT:cvt.obj
 0001:0002cab4       _cfltcvt_l                 000000018002dab4 f   LIBCMT:cvt.obj
 0001:0002cb4c       _cfltcvt                   000000018002db4c f   LIBCMT:cvt.obj
 0001:0002cb70       _initp_misc_cfltcvt_tab    000000018002db70 f   LIBCMT:cmiscdat.obj
 0001:0002cba8       _read_nolock               000000018002dba8 f   LIBCMT:read.obj
 0001:0002d2cc       _read                      000000018002e2cc f   LIBCMT:read.obj
 0001:0002d3e8       memcpy_s                   000000018002e3e8 f   LIBCMT:memcpy_s.obj
 0001:0002d470       _set_osfhnd                000000018002e470 f   LIBCMT:osfinfo.obj
 0001:0002d520       _free_osfhnd               000000018002e520 f   LIBCMT:osfinfo.obj
 0001:0002d5cc       _get_osfhandle             000000018002e5cc f   LIBCMT:osfinfo.obj
 0001:0002d640       __lock_fhandle             000000018002e640 f   LIBCMT:osfinfo.obj
 0001:0002d6e8       _unlock_fhandle            000000018002e6e8 f   LIBCMT:osfinfo.obj
 0001:0002d710       _alloc_osfhnd              000000018002e710 f   LIBCMT:osfinfo.obj
 0001:0002d920       _ValidateImageBase         000000018002e920 f   LIBCMT:pesect.obj
 0001:0002d950       _FindPESection             000000018002e950 f   LIBCMT:pesect.obj
 0001:0002d9a0       _IsNonwritableInCurrentImage 000000018002e9a0 f   LIBCMT:pesect.obj
 0001:0002d9e4       __crt_debugger_hook        000000018002e9e4 f   LIBCMT:dbghook.obj
 0001:0002d9ec       ?terminate@@YAXXZ          000000018002e9ec f   LIBCMT:hooks.obj
 0001:0002da10       _initp_eh_hooks            000000018002ea10 f   LIBCMT:hooks.obj
 0001:0002da30       _initp_misc_rand_s         000000018002ea30 f   LIBCMT:rand_s.obj
 0001:0002da38       _initp_misc_purevirt       000000018002ea38 f   LIBCMT:inithelp.obj
 0001:0002da40       __onexitinit               000000018002ea40 f   LIBCMT:onexit.obj
 0001:0002da84       _onexit                    000000018002ea84 f   LIBCMT:onexit.obj
 0001:0002db90       atexit                     000000018002eb90 f   LIBCMT:onexit.obj
 0001:0002dba8       _calloc_impl               000000018002eba8 f   LIBCMT:calloc_impl.obj
 0001:0002dc44       _recalloc                  000000018002ec44 f   LIBCMT:recalloc.obj
 0001:0002dccc       _putwch_nolock             000000018002eccc f   LIBCMT:putwch.obj
 0001:0002dd28       _mbtowc_l                  000000018002ed28 f   LIBCMT:mbtowc.obj
 0001:0002dea0       mbtowc                     000000018002eea0 f   LIBCMT:mbtowc.obj
 0001:0002dea8       _isleadbyte_l              000000018002eea8 f i LIBCMT:_wctype.obj
 0001:0002def0       isleadbyte                 000000018002eef0 f i LIBCMT:_wctype.obj
 0001:0002df38       _isatty                    000000018002ef38 f   LIBCMT:isatty.obj
 0001:0002df98       _lseeki64_nolock           000000018002ef98 f   LIBCMT:lseeki64.obj
 0001:0002e030       _lseeki64                  000000018002f030 f   LIBCMT:lseeki64.obj
 0001:0002e114       _getbuf                    000000018002f114 f   LIBCMT:_getbuf.obj
 0001:0002e168       _wctomb_s_l                000000018002f168 f   LIBCMT:wctomb.obj
 0001:0002e32c       wctomb_s                   000000018002f32c f   LIBCMT:wctomb.obj
 0001:0002e60c       __crtLCMapStringA          000000018002f60c f   LIBCMT:a_map.obj
 0001:0002e804       __crtGetStringTypeA        000000018002f804 f   LIBCMT:a_str.obj
 0001:0002e884       __free_lc_time             000000018002f884 f   LIBCMT:inittime.obj
 0001:0002ec74       __free_lconv_num           000000018002fc74 f   LIBCMT:initnum.obj
 0001:0002ece0       __free_lconv_mon           000000018002fce0 f   LIBCMT:initmon.obj
 0001:0002ee00       strncmp                    000000018002fe00 f   LIBCMT:strncmp.obj
 0001:0002f660       _sopen_helper              0000000180030660 f   LIBCMT:open.obj
 0001:0002f734       _sopen_s                   0000000180030734 f   LIBCMT:open.obj
 0001:0002f768       _mbsnbicmp_l               0000000180030768 f   LIBCMT:mbsnbicm.obj
 0001:0002f950       _mbsnbicmp                 0000000180030950 f   LIBCMT:mbsnbicm.obj
 0001:0002f958       _mbsnbcmp_l                0000000180030958 f   LIBCMT:mbsnbcmp.obj
 0001:0002fab8       _mbsnbcmp                  0000000180030ab8 f   LIBCMT:mbsnbcmp.obj
 0001:0002fe04       __crtCompareStringA        0000000180030e04 f   LIBCMT:a_cmp.obj
 0001:0002fe90       _strnicoll_l               0000000180030e90 f   LIBCMT:strnicol.obj
 0001:0002ff94       __crtsetenv                0000000180030f94 f   LIBCMT:setenv.obj
 0001:000303ac       _ismbblead                 00000001800313ac f   LIBCMT:ismbbyte.obj
 0001:000303c0       _fputwc_nolock             00000001800313c0 f   LIBCMT:fputwc.obj
 0001:000305c0       strrchr                    00000001800315c0 f   LIBCMT:strrchr.obj
 0001:000305e8       _tolower_l                 00000001800315e8 f   LIBCMT:tolower.obj
 0001:00030738       tolower                    0000000180031738 f   LIBCMT:tolower.obj
 0001:00030758       _atodbl_l                  0000000180031758 f   LIBCMT:atodbl.obj
 0001:00030858       _atoflt_l                  0000000180031858 f   LIBCMT:atodbl.obj
 0001:00030958       _fptostr                   0000000180031958 f   LIBCMT:_fptostr.obj
 0001:00030a24       __dtold                    0000000180031a24 f   LIBCMT:_cfout_.obj
 0001:00030aec       _fltout2                   0000000180031aec f   LIBCMT:_cfout_.obj
 0001:00030ba4       _fptrap                    0000000180031ba4 f   LIBCMT:crt0fp.obj
 0001:00030bb0       _msize                     0000000180031bb0 f   LIBCMT:msize.obj
 0001:00030bec       __initconout               0000000180031bec f   LIBCMT:initcon.obj
 0001:00030c28       __termconout               0000000180031c28 f   LIBCMT:initcon.obj
 0001:00030c4c       __ascii_strnicmp           0000000180031c4c f   LIBCMT:strnicmp.obj
 0001:00030c94       _strnicmp_l                0000000180031c94 f   LIBCMT:strnicmp.obj
 0001:00030d98       _strnicmp                  0000000180031d98 f   LIBCMT:strnicmp.obj
 0001:00030de8       _chsize_nolock             0000000180031de8 f   LIBCMT:chsize.obj
 0001:00030f80       _strdup                    0000000180031f80 f   LIBCMT:strdup.obj
 0001:00030ff0       _mbschr_l                  0000000180031ff0 f   LIBCMT:mbschr.obj
 0001:000310dc       _mbschr                    00000001800320dc f   LIBCMT:mbschr.obj
 0001:000310e4       _flswbuf                   00000001800320e4 f   LIBCMT:_flswbuf.obj
 0001:00031274       _ld12tod                   0000000180032274 f   LIBCMT:_intrncvt_.obj
 0001:00031840       _ld12tof                   0000000180032840 f   LIBCMT:_intrncvt_.obj
 0001:00031e0c       __strgtold12_l             0000000180032e0c f   LIBCMT:_strgtold_.obj
 0001:00032670       $I10_OUTPUT                0000000180033670 f   LIBCMT:_x10fout_.obj
 0001:00033124       __mtold12                  0000000180034124 f   LIBCMT:_mantold_.obj
 0001:0003333e       RtlUnwindEx                000000018003433e f   kernel32:KERNEL32.dll
 0001:00033344       RtlVirtualUnwind           0000000180034344 f   kernel32:KERNEL32.dll
 0001:0003334a       RtlLookupFunctionEntry     000000018003434a f   kernel32:KERNEL32.dll
 0002:00000000       __imp_ReportEventW         0000000180035000     advapi32:ADVAPI32.dll
 0002:00000008       __imp_DeregisterEventSource 0000000180035008     advapi32:ADVAPI32.dll
 0002:00000010       __imp_RegisterEventSourceW 0000000180035010     advapi32:ADVAPI32.dll
 0002:00000018       \177ADVAPI32_NULL_THUNK_DATA 0000000180035018     advapi32:ADVAPI32.dll
 0002:00000020       __imp_VirtualProtectEx     0000000180035020     kernel32:KERNEL32.dll
 0002:00000028       __imp_OpenThread           0000000180035028     kernel32:KERNEL32.dll
 0002:00000030       __imp_GetSystemInfo        0000000180035030     kernel32:KERNEL32.dll
 0002:00000038       __imp_GetThreadPriority    0000000180035038     kernel32:KERNEL32.dll
 0002:00000040       __imp_GetCurrentThreadId   0000000180035040     kernel32:KERNEL32.dll
 0002:00000048       __imp_CloseHandle          0000000180035048     kernel32:KERNEL32.dll
 0002:00000050       __imp_GetCurrentProcessId  0000000180035050     kernel32:KERNEL32.dll
 0002:00000058       __imp_SuspendThread        0000000180035058     kernel32:KERNEL32.dll
 0002:00000060       __imp_ResumeThread         0000000180035060     kernel32:KERNEL32.dll
 0002:00000068       __imp_ExitProcess          0000000180035068     kernel32:KERNEL32.dll
 0002:00000070       __imp_SetUnhandledExceptionFilter 0000000180035070     kernel32:KERNEL32.dll
 0002:00000078       __imp_ExitThread           0000000180035078     kernel32:KERNEL32.dll
 0002:00000080       __imp_GetModuleHandleA     0000000180035080     kernel32:KERNEL32.dll
 0002:00000088       __imp_GetLastError         0000000180035088     kernel32:KERNEL32.dll
 0002:00000090       __imp_EnterCriticalSection 0000000180035090     kernel32:KERNEL32.dll
 0002:00000098       __imp_MultiByteToWideChar  0000000180035098     kernel32:KERNEL32.dll
 0002:000000a0       __imp_GetFileType          00000001800350a0     kernel32:KERNEL32.dll
 0002:000000a8       __imp_GetStdHandle         00000001800350a8     kernel32:KERNEL32.dll
 0002:000000b0       __imp_GetTickCount         00000001800350b0     kernel32:KERNEL32.dll
 0002:000000b8       __imp_QueryPerformanceCounter 00000001800350b8     kernel32:KERNEL32.dll
 0002:000000c0       __imp_GlobalMemoryStatus   00000001800350c0     kernel32:KERNEL32.dll
 0002:000000c8       __imp_FreeLibrary          00000001800350c8     kernel32:KERNEL32.dll
 0002:000000d0       __imp_LoadLibraryW         00000001800350d0     kernel32:KERNEL32.dll
 0002:000000d8       __imp_GetVersionExW        00000001800350d8     kernel32:KERNEL32.dll
 0002:000000e0       __imp_SetEndOfFile         00000001800350e0     kernel32:KERNEL32.dll
 0002:000000e8       __imp_CreateFileW          00000001800350e8     kernel32:KERNEL32.dll
 0002:000000f0       __imp_HeapSize             00000001800350f0     kernel32:KERNEL32.dll
 0002:000000f8       __imp_SetEnvironmentVariableA 00000001800350f8     kernel32:KERNEL32.dll
 0002:00000100       __imp_CompareStringW       0000000180035100     kernel32:KERNEL32.dll
 0002:00000108       __imp_VirtualAlloc         0000000180035108     kernel32:KERNEL32.dll
 0002:00000110       __imp_GetProcAddress       0000000180035110     kernel32:KERNEL32.dll
 0002:00000118       __imp_FlushInstructionCache 0000000180035118     kernel32:KERNEL32.dll
 0002:00000120       __imp_SetThreadPriority    0000000180035120     kernel32:KERNEL32.dll
 0002:00000128       __imp_LeaveCriticalSection 0000000180035128     kernel32:KERNEL32.dll
 0002:00000130       __imp_Sleep                0000000180035130     kernel32:KERNEL32.dll
 0002:00000138       __imp_InitializeCriticalSection 0000000180035138     kernel32:KERNEL32.dll
 0002:00000140       __imp_VirtualFree          0000000180035140     kernel32:KERNEL32.dll
 0002:00000148       __imp_GetModuleHandleW     0000000180035148     kernel32:KERNEL32.dll
 0002:00000150       __imp_VirtualQuery         0000000180035150     kernel32:KERNEL32.dll
 0002:00000158       __imp_GetCurrentProcess    0000000180035158     kernel32:KERNEL32.dll
 0002:00000160       __imp_GetThreadContext     0000000180035160     kernel32:KERNEL32.dll
 0002:00000168       __imp_GetVersion           0000000180035168     kernel32:KERNEL32.dll
 0002:00000170       __imp_GetCurrentThread     0000000180035170     kernel32:KERNEL32.dll
 0002:00000178       __imp_LocalAlloc           0000000180035178     kernel32:KERNEL32.dll
 0002:00000180       __imp_LoadLibraryA         0000000180035180     kernel32:KERNEL32.dll
 0002:00000188       __imp_RaiseException       0000000180035188     kernel32:KERNEL32.dll
 0002:00000190       __imp_WriteConsoleW        0000000180035190     kernel32:KERNEL32.dll
 0002:00000198       __imp_GetModuleFileNameW   0000000180035198     kernel32:KERNEL32.dll
 0002:000001a0       __imp_HeapFree             00000001800351a0     kernel32:KERNEL32.dll
 0002:000001a8       __imp_HeapAlloc            00000001800351a8     kernel32:KERNEL32.dll
 0002:000001b0       __imp_FlsSetValue          00000001800351b0     kernel32:KERNEL32.dll
 0002:000001b8       __imp_GetCommandLineA      00000001800351b8     kernel32:KERNEL32.dll
 0002:000001c0       __imp_HeapReAlloc          00000001800351c0     kernel32:KERNEL32.dll
 0002:000001c8       __imp_GetSystemTimeAsFileTime 00000001800351c8     kernel32:KERNEL32.dll
 0002:000001d0       __imp_RtlUnwindEx          00000001800351d0     kernel32:KERNEL32.dll
 0002:000001d8       __imp_TerminateProcess     00000001800351d8     kernel32:KERNEL32.dll
 0002:000001e0       __imp_UnhandledExceptionFilter 00000001800351e0     kernel32:KERNEL32.dll
 0002:000001e8       __imp_IsDebuggerPresent    00000001800351e8     kernel32:KERNEL32.dll
 0002:000001f0       __imp_RtlVirtualUnwind     00000001800351f0     kernel32:KERNEL32.dll
 0002:000001f8       __imp_RtlLookupFunctionEntry 00000001800351f8     kernel32:KERNEL32.dll
 0002:00000200       __imp_RtlCaptureContext    0000000180035200     kernel32:KERNEL32.dll
 0002:00000208       __imp_EncodePointer        0000000180035208     kernel32:KERNEL32.dll
 0002:00000210       __imp_DecodePointer        0000000180035210     kernel32:KERNEL32.dll
 0002:00000218       __imp_SetHandleCount       0000000180035218     kernel32:KERNEL32.dll
 0002:00000220       __imp_InitializeCriticalSectionAndSpinCount 0000000180035220     kernel32:KERNEL32.dll
 0002:00000228       __imp_GetStartupInfoW      0000000180035228     kernel32:KERNEL32.dll
 0002:00000230       __imp_DeleteCriticalSection 0000000180035230     kernel32:KERNEL32.dll
 0002:00000238       __imp_WriteFile            0000000180035238     kernel32:KERNEL32.dll
 0002:00000240       __imp_WideCharToMultiByte  0000000180035240     kernel32:KERNEL32.dll
 0002:00000248       __imp_GetConsoleCP         0000000180035248     kernel32:KERNEL32.dll
 0002:00000250       __imp_GetConsoleMode       0000000180035250     kernel32:KERNEL32.dll
 0002:00000258       __imp_FlushFileBuffers     0000000180035258     kernel32:KERNEL32.dll
 0002:00000260       __imp_GetCPInfo            0000000180035260     kernel32:KERNEL32.dll
 0002:00000268       __imp_GetACP               0000000180035268     kernel32:KERNEL32.dll
 0002:00000270       __imp_GetOEMCP             0000000180035270     kernel32:KERNEL32.dll
 0002:00000278       __imp_IsValidCodePage      0000000180035278     kernel32:KERNEL32.dll
 0002:00000280       __imp_FlsGetValue          0000000180035280     kernel32:KERNEL32.dll
 0002:00000288       __imp_FlsFree              0000000180035288     kernel32:KERNEL32.dll
 0002:00000290       __imp_SetLastError         0000000180035290     kernel32:KERNEL32.dll
 0002:00000298       __imp_FlsAlloc             0000000180035298     kernel32:KERNEL32.dll
 0002:000002a0       __imp_HeapSetInformation   00000001800352a0     kernel32:KERNEL32.dll
 0002:000002a8       __imp_HeapCreate           00000001800352a8     kernel32:KERNEL32.dll
 0002:000002b0       __imp_HeapDestroy          00000001800352b0     kernel32:KERNEL32.dll
 0002:000002b8       __imp_SetFilePointer       00000001800352b8     kernel32:KERNEL32.dll
 0002:000002c0       __imp_GetModuleFileNameA   00000001800352c0     kernel32:KERNEL32.dll
 0002:000002c8       __imp_FreeEnvironmentStringsW 00000001800352c8     kernel32:KERNEL32.dll
 0002:000002d0       __imp_GetEnvironmentStringsW 00000001800352d0     kernel32:KERNEL32.dll
 0002:000002d8       __imp_ReadFile             00000001800352d8     kernel32:KERNEL32.dll
 0002:000002e0       __imp_SetStdHandle         00000001800352e0     kernel32:KERNEL32.dll
 0002:000002e8       __imp_LCMapStringW         00000001800352e8     kernel32:KERNEL32.dll
 0002:000002f0       __imp_GetStringTypeW       00000001800352f0     kernel32:KERNEL32.dll
 0002:000002f8       __imp_CreateFileA          00000001800352f8     kernel32:KERNEL32.dll
 0002:00000300       __imp_GetProcessHeap       0000000180035300     kernel32:KERNEL32.dll
 0002:00000308       \177KERNEL32_NULL_THUNK_DATA 0000000180035308     kernel32:KERNEL32.dll
 0002:00000310       __imp_GetDesktopWindow     0000000180035310     user32:USER32.dll
 0002:00000318       __imp_GetProcessWindowStation 0000000180035318     user32:USER32.dll
 0002:00000320       __imp_GetUserObjectInformationW 0000000180035320     user32:USER32.dll
 0002:00000328       __imp_MessageBoxW          0000000180035328     user32:USER32.dll
 0002:00000330       \177USER32_NULL_THUNK_DATA 0000000180035330     user32:USER32.dll
 0002:00000338       __xc_a                     0000000180035338     LIBCMT:crt0init.obj
 0002:00000358       __xc_z                     0000000180035358     LIBCMT:crt0init.obj
 0002:00000360       __xi_a                     0000000180035360     LIBCMT:crt0init.obj
 0002:00000380       __xi_z                     0000000180035380     LIBCMT:crt0init.obj
 0002:00000388       __xp_a                     0000000180035388     LIBCMT:crt0init.obj
 0002:000003a0       __xp_z                     00000001800353a0     LIBCMT:crt0init.obj
 0002:000003a8       __xt_a                     00000001800353a8     LIBCMT:crt0init.obj
 0002:000003b0       __xt_z                     00000001800353b0     LIBCMT:crt0init.obj
 0002:000003c0       __sz_metsrv_dll            00000001800353c0     metsrv:metsrv.dll
 0002:000003d0       EVP_version                00000001800353d0     libeay32:evp_enc.obj
 0002:000003f8       ??_C@_0BH@FPKHLGPK@?4?2crypto?2evp?2evp_enc?4c?$AA@ 00000001800353f8     libeay32:evp_enc.obj
 0002:00000410       ??_C@_0BM@NOPGEACO@bl?5?$DM?$DN?5?$CIint?$CJsizeof?$CIctx?9?$DObuf?$CJ?$AA@ 0000000180035410     libeay32:evp_enc.obj
 0002:00000430       ??_C@_0BH@JPOFFCDO@b?5?$DM?$DN?5sizeof?5ctx?9?$DOfinal?$AA@ 0000000180035430     libeay32:evp_enc.obj
 0002:00000688       ??_C@_0BH@BGJCOGPL@?4?2crypto?2evp?2enc_min?4c?$AA@ 0000000180035688     libeay32:enc_min.obj
 0002:000006a0       ??_C@_0DG@IKOHIL@EVP_CIPHER_CTX_iv_length?$CIctx?$CJ?5?$DM?$DN@ 00000001800356a0     libeay32:enc_min.obj
 0002:000006e0       ??_C@_0FO@KIBMBINE@ctx?9?$DOcipher?9?$DOblock_size?5?$DN?$DN?51?5?$HM?$HM?5@ 00000001800356e0     libeay32:enc_min.obj
 0002:00000740       ??_C@_1BG@MLNJHGBB@?$AAS?$AAe?$AAr?$AAv?$AAi?$AAc?$AAe?$AA?9?$AA0?$AAx?$AA?$AA@ 0000000180035740     libeay32:cryptlib.obj
 0002:00000758       ??_C@_1BO@DCCMIJEM@?$AAO?$AAp?$AAe?$AAn?$AAS?$AAS?$AAL?$AA?3?$AA?5?$AAF?$AAA?$AAT?$AAA?$AAL?$AA?$AA@ 0000000180035758     libeay32:cryptlib.obj
 0002:00000778       ??_C@_1BA@DMBJHAPN@?$AAO?$AAP?$AAE?$AAN?$AAS?$AAS?$AAL?$AA?$AA@ 0000000180035778     libeay32:cryptlib.obj
 0002:00000788       ??_C@_1BE@NLCFDLCA@?$AAn?$AAo?$AA?5?$AAs?$AAt?$AAa?$AAc?$AAk?$AA?$DP?$AA?$AA@ 0000000180035788     libeay32:cryptlib.obj
 0002:000007a0       ??_C@_0DG@JJAMFCAP@?$CFs?$CI?$CFd?$CJ?3?5OpenSSL?5internal?5error?0?5@ 00000001800357a0     libeay32:cryptlib.obj
 0002:000007d6       ??_C@_00CNPNBAHC@?$AA@     00000001800357d6     libeay32:err.obj
 0002:000007d8       ??_C@_0BD@CKILGKAI@?4?2crypto?2err?2err?4c?$AA@ 00000001800357d8     libeay32:err.obj
 0002:000007f0       ??_C@_0BH@HCDEFMEH@?4?2crypto?2evp?2evp_lib?4c?$AA@ 00000001800357f0     libeay32:evp_lib.obj
 0002:00000808       ??_C@_0BD@LHHAEAAJ@l?5?$DM?$DN?5sizeof?$CIc?9?$DOiv?$CJ?$AA@ 0000000180035808     libeay32:evp_lib.obj
 0002:00000820       ??_C@_0BD@CKKMELBK@j?5?$DM?$DN?5sizeof?$CIc?9?$DOiv?$CJ?$AA@ 0000000180035820     libeay32:evp_lib.obj
 0002:00000840       DES_SPtrans                0000000180035840     libeay32:ecb_enc.obj
 0002:000019c0       ??_C@_0BM@JJNBBBD@?4?2crypto?2engine?2tb_cipher?4c?$AA@ 00000001800369c0     libeay32:tb_cipher.obj
 0002:000019e0       ??_C@_0BL@BEBELKO@?4?2crypto?2engine?2eng_init?4c?$AA@ 00000001800369e0     libeay32:eng_init.obj
 0002:00001a58       ??_C@_0BH@OHLOAGAE@?4?2crypto?2err?2err_def?4c?$AA@ 0000000180036a58     libeay32:err_def.obj
 0002:00001a70       ??_C@_0BE@CGMKPIME@int_err_get?5?$CIerr?4c?$CJ?$AA@ 0000000180036a70     libeay32:err_def.obj
 0002:00001a88       ??_C@_0BH@KBGLDIDO@int_thread_get?5?$CIerr?4c?$CJ?$AA@ 0000000180036a88     libeay32:err_def.obj
 0002:00001aa0       RAND_version               0000000180036aa0     libeay32:md_rand.obj
 0002:00001ac8       __real@4040000000000000    0000000180036ac8     libeay32:md_rand.obj
 0002:00001ad0       ??_C@_0BI@MJCOAGKM@?4?2crypto?2rand?2md_rand?4c?$AA@ 0000000180036ad0     libeay32:md_rand.obj
 0002:00001af0       ??_C@_0EK@MHBHPLPP@You?5need?5to?5read?5the?5OpenSSL?5FAQ@ 0000000180036af0     libeay32:md_rand.obj
 0002:00001b40       ??_C@_0BF@KNMHCCP@?4?4?4?4?4?4?4?4?4?4?4?4?4?4?4?4?4?4?4?4?$AA@ 0000000180036b40     libeay32:md_rand.obj
 0002:00001b60       ??_C@_0BJ@IFLEADKK@?4?2crypto?2asn1?2evp_asn1?4c?$AA@ 0000000180036b60     libeay32:evp_asn1.obj
 0002:00001b80       ??_C@_0BJ@GIEGEKPM@?4?2crypto?2asn1?2a_object?4c?$AA@ 0000000180036b80     libeay32:a_object.obj
 0002:00001b9c       ??_C@_04HIBGFPH@NULL?$AA@  0000000180036b9c     libeay32:a_object.obj
 0002:00001ba8       ??_C@_0BF@DGGAJJCO@Permanent?5Identifier?$AA@ 0000000180036ba8     libeay32:obj_dat.obj
 0002:00001bc0       ??_C@_0BK@BMFCOPIC@id?9on?9permanentIdentifier?$AA@ 0000000180036bc0     libeay32:obj_dat.obj
 0002:00001be0       ??_C@_0BE@KEJIKEFG@X509v3?5Freshest?5CRL?$AA@ 0000000180036be0     libeay32:obj_dat.obj
 0002:00001bf8       ??_C@_0M@PKNKMHEG@freshestCRL?$AA@ 0000000180036bf8     libeay32:obj_dat.obj
 0002:00001c08       ??_C@_0BI@FMFOLFMC@Microsoft?5Local?5Key?5set?$AA@ 0000000180036c08     libeay32:obj_dat.obj
 0002:00001c20       ??_C@_0M@LCODBGNO@LocalKeySet?$AA@ 0000000180036c20     libeay32:obj_dat.obj
 0002:00001c2c       ??_C@_04FOBGICMD@hmac?$AA@ 0000000180036c2c     libeay32:obj_dat.obj
 0002:00001c34       ??_C@_04JCCMGALL@HMAC?$AA@ 0000000180036c34     libeay32:obj_dat.obj
 0002:00001c40       ??_C@_0CJ@NCCJHEBD@GOST?5R?53410?92001?5Parameter?5Set?5C@ 0000000180036c40     libeay32:obj_dat.obj
 0002:00001c70       ??_C@_0BO@LBPHKLOM@id?9GostR3410?92001?9ParamSet?9cc?$AA@ 0000000180036c70     libeay32:obj_dat.obj
 0002:00001c90       ??_C@_0DB@BGOOPLFE@GOST?5R?534?411?994?5with?5GOST?5R?534?41@ 0000000180036c90     libeay32:obj_dat.obj
 0002:00001cc8       ??_C@_0CH@JJNMILDM@id?9GostR3411?994?9with?9GostR3410?92@ 0000000180036cc8     libeay32:obj_dat.obj
 0002:00001cf0       ??_C@_0CP@ILDIBBAJ@GOST?5R?534?411?994?5with?5GOST?5R?534?41@ 0000000180036cf0     libeay32:obj_dat.obj
 0002:00001d20       ??_C@_0CF@FCIKJGLH@id?9GostR3411?994?9with?9GostR3410?99@ 0000000180036d20     libeay32:obj_dat.obj
 0002:00001d48       ??_C@_0BK@IGCJADLM@GOST?534?410?92001?5Cryptocom?$AA@ 0000000180036d48     libeay32:obj_dat.obj
 0002:00001d68       ??_C@_0L@PKDOCLKG@gost2001cc?$AA@ 0000000180036d68     libeay32:obj_dat.obj
 0002:00001d78       ??_C@_0BI@GJIILMEB@GOST?534?410?994?5Cryptocom?$AA@ 0000000180036d78     libeay32:obj_dat.obj
 0002:00001d90       ??_C@_08LCDFMIFG@gost94cc?$AA@ 0000000180036d90     libeay32:obj_dat.obj
 0002:00001da0       ??_C@_0CB@KNOPDNHN@GOST?528147?989?5Cryptocom?5ParamSet@ 0000000180036da0     libeay32:obj_dat.obj
 0002:00001dc8       ??_C@_0BD@MEAAKKFJ@id?9Gost28147?989?9cc?$AA@ 0000000180036dc8     libeay32:obj_dat.obj
 0002:00001de0       ??_C@_0BF@PGMBMCGF@id?9GostR3410?994?9bBis?$AA@ 0000000180036de0     libeay32:obj_dat.obj
 0002:00001df8       ??_C@_0BC@MKOAJFN@id?9GostR3410?994?9b?$AA@ 0000000180036df8     libeay32:obj_dat.obj
 0002:00001e10       ??_C@_0BF@LBGBLILF@id?9GostR3410?994?9aBis?$AA@ 0000000180036e10     libeay32:obj_dat.obj
 0002:00001e28       ??_C@_0BC@CHIDFKJO@id?9GostR3410?994?9a?$AA@ 0000000180036e28     libeay32:obj_dat.obj
 0002:00001e40       ??_C@_0CK@GDLEHLKF@id?9GostR3410?92001?9CryptoPro?9XchB@ 0000000180036e40     libeay32:obj_dat.obj
 0002:00001e70       ??_C@_0CK@PKFGBNKE@id?9GostR3410?92001?9CryptoPro?9XchA@ 0000000180036e70     libeay32:obj_dat.obj
 0002:00001ea0       ??_C@_0CH@DLGDIIGO@id?9GostR3410?92001?9CryptoPro?9C?9Pa@ 0000000180036ea0     libeay32:obj_dat.obj
 0002:00001ec8       ??_C@_0CH@PKONFHKO@id?9GostR3410?92001?9CryptoPro?9B?9Pa@ 0000000180036ec8     libeay32:obj_dat.obj
 0002:00001ef0       ??_C@_0CH@GDAPDBKP@id?9GostR3410?92001?9CryptoPro?9A?9Pa@ 0000000180036ef0     libeay32:obj_dat.obj
 0002:00001f18       ??_C@_0BP@GEEJLPDI@id?9GostR3410?92001?9TestParamSet?$AA@ 0000000180036f18     libeay32:obj_dat.obj
 0002:00001f38       ??_C@_0CI@DAANNIN@id?9GostR3410?994?9CryptoPro?9XchC?9P@ 0000000180036f38     libeay32:obj_dat.obj
 0002:00001f60       ??_C@_0CI@MCIOACEN@id?9GostR3410?994?9CryptoPro?9XchB?9P@ 0000000180036f60     libeay32:obj_dat.obj
 0002:00001f88       ??_C@_0CI@FLGMGEEM@id?9GostR3410?994?9CryptoPro?9XchA?9P@ 0000000180036f88     libeay32:obj_dat.obj
 0002:00001fb0       ??_C@_0CF@LMAJFDGB@id?9GostR3410?994?9CryptoPro?9D?9Para@ 0000000180036fb0     libeay32:obj_dat.obj
 0002:00001fd8       ??_C@_0CF@JFDCEGOC@id?9GostR3410?994?9CryptoPro?9C?9Para@ 0000000180036fd8     libeay32:obj_dat.obj
 0002:00002000       ??_C@_0CF@FELMJJCC@id?9GostR3410?994?9CryptoPro?9B?9Para@ 0000000180037000     libeay32:obj_dat.obj
 0002:00002028       ??_C@_0CF@MNFOPPCD@id?9GostR3410?994?9CryptoPro?9A?9Para@ 0000000180037028     libeay32:obj_dat.obj
 0002:00002050       ??_C@_0BN@NAOAJFAF@id?9GostR3410?994?9TestParamSet?$AA@ 0000000180037050     libeay32:obj_dat.obj
 0002:00002070       ??_C@_0CJ@IIADIAJH@id?9Gost28147?989?9CryptoPro?9RIC?91?9@ 0000000180037070     libeay32:obj_dat.obj
 0002:000020a0       ??_C@_0CN@IIJDEMNM@id?9Gost28147?989?9CryptoPro?9Oscar?9@ 00000001800370a0     libeay32:obj_dat.obj
 0002:000020d0       ??_C@_0CN@EJBNJDBM@id?9Gost28147?989?9CryptoPro?9Oscar?9@ 00000001800370d0     libeay32:obj_dat.obj
 0002:00002100       ??_C@_0CF@IEBLBMOP@id?9Gost28147?989?9CryptoPro?9D?9Para@ 0000000180037100     libeay32:obj_dat.obj
 0002:00002128       ??_C@_0CF@KNCAAJGM@id?9Gost28147?989?9CryptoPro?9C?9Para@ 0000000180037128     libeay32:obj_dat.obj
 0002:00002150       ??_C@_0CF@GMKONGKM@id?9Gost28147?989?9CryptoPro?9B?9Para@ 0000000180037150     libeay32:obj_dat.obj
 0002:00002178       ??_C@_0CF@PFEMLAKN@id?9Gost28147?989?9CryptoPro?9A?9Para@ 0000000180037178     libeay32:obj_dat.obj
 0002:000021a0       ??_C@_0BN@GKJFBLMI@id?9Gost28147?989?9TestParamSet?$AA@ 00000001800371a0     libeay32:obj_dat.obj
 0002:000021c0       ??_C@_0CC@DOHJLMBI@id?9GostR3411?994?9CryptoProParamSe@ 00000001800371c0     libeay32:obj_dat.obj
 0002:000021e8       ??_C@_0BN@DPLCCDOE@id?9GostR3411?994?9TestParamSet?$AA@ 00000001800371e8     libeay32:obj_dat.obj
 0002:00002208       ??_C@_0CA@BLJAEGEG@id?9Gost28147?989?9None?9KeyMeshing?$AA@ 0000000180037208     libeay32:obj_dat.obj
 0002:00002228       ??_C@_0CF@MMKONEIK@id?9Gost28147?989?9CryptoPro?9KeyMes@ 0000000180037228     libeay32:obj_dat.obj
 0002:00002250       ??_C@_0BD@LGKAOLPL@GOST?5R?534?410?994?5DH?$AA@ 0000000180037250     libeay32:obj_dat.obj
 0002:00002268       ??_C@_0BC@CEMDDFNK@id?9GostR3410?994DH?$AA@ 0000000180037268     libeay32:obj_dat.obj
 0002:00002280       ??_C@_0BF@OKPANPLK@GOST?5R?534?410?92001?5DH?$AA@ 0000000180037280     libeay32:obj_dat.obj
 0002:00002298       ??_C@_0BE@OBKEJCJB@id?9GostR3410?92001DH?$AA@ 0000000180037298     libeay32:obj_dat.obj
 0002:000022b0       ??_C@_0BE@FFELJBNB@GOST?5R?534?411?994?5PRF?$AA@ 00000001800372b0     libeay32:obj_dat.obj
 0002:000022c8       ??_C@_0BB@LJIINAAP@prf?9gostr3411?994?$AA@ 00000001800372c8     libeay32:obj_dat.obj
 0002:000022e0       ??_C@_0BC@BPAGAEJB@GOST?528147?989?5MAC?$AA@ 00000001800372e0     libeay32:obj_dat.obj
 0002:000022f8       ??_C@_08JCNEGNFC@gost?9mac?$AA@ 00000001800372f8     libeay32:obj_dat.obj
 0002:00002308       ??_C@_0L@INGOKGPP@gost89?9cnt?$AA@ 0000000180037308     libeay32:obj_dat.obj
 0002:00002318       ??_C@_0O@POKHNLDL@GOST?528147?989?$AA@ 0000000180037318     libeay32:obj_dat.obj
 0002:00002328       ??_C@_06KLPDHLCD@gost89?$AA@ 0000000180037328     libeay32:obj_dat.obj
 0002:00002330       ??_C@_0BA@JOCBNIHN@GOST?5R?534?410?994?$AA@ 0000000180037330     libeay32:obj_dat.obj
 0002:00002340       ??_C@_06BPJPGPFJ@gost94?$AA@ 0000000180037340     libeay32:obj_dat.obj
 0002:00002348       ??_C@_0BC@IBNIHBI@GOST?5R?534?410?92001?$AA@ 0000000180037348     libeay32:obj_dat.obj
 0002:00002360       ??_C@_08KMPAMBCP@gost2001?$AA@ 0000000180037360     libeay32:obj_dat.obj
 0002:00002370       ??_C@_0BD@BHKLGKNG@HMAC?5GOST?534?411?994?$AA@ 0000000180037370     libeay32:obj_dat.obj
 0002:00002388       ??_C@_0BE@EBBOKDGI@id?9HMACGostR3411?994?$AA@ 0000000180037388     libeay32:obj_dat.obj
 0002:000023a0       ??_C@_0BA@KDEBPBMN@GOST?5R?534?411?994?$AA@ 00000001800373a0     libeay32:obj_dat.obj
 0002:000023b0       ??_C@_09MIOJGGFD@md_gost94?$AA@ 00000001800373b0     libeay32:obj_dat.obj
 0002:000023c0       ??_C@_0CF@PAGBHGOC@GOST?5R?534?411?994?5with?5GOST?5R?534?41@ 00000001800373c0     libeay32:obj_dat.obj
 0002:000023e8       ??_C@_0CC@LCAPGDKC@id?9GostR3411?994?9with?9GostR3410?99@ 00000001800373e8     libeay32:obj_dat.obj
 0002:00002410       ??_C@_0CH@MPKKPBGC@GOST?5R?534?411?994?5with?5GOST?5R?534?41@ 0000000180037410     libeay32:obj_dat.obj
 0002:00002438       ??_C@_0CE@FCAOBIOC@id?9GostR3411?994?9with?9GostR3410?92@ 0000000180037438     libeay32:obj_dat.obj
 0002:00002460       ??_C@_09JGBNPHGI@cryptocom?$AA@ 0000000180037460     libeay32:obj_dat.obj
 0002:00002470       ??_C@_09PCHJFNLI@cryptopro?$AA@ 0000000180037470     libeay32:obj_dat.obj
 0002:00002480       ??_C@_09DEGKDAEL@whirlpool?$AA@ 0000000180037480     libeay32:obj_dat.obj
 0002:00002490       ??_C@_0BA@FMFCOCGA@dsa_with_SHA256?$AA@ 0000000180037490     libeay32:obj_dat.obj
 0002:000024a0       ??_C@_0BA@GLCLJGGH@dsa_with_SHA224?$AA@ 00000001800374a0     libeay32:obj_dat.obj
 0002:000024b0       ??_C@_0P@FLKKCAHA@hmacWithSHA512?$AA@ 00000001800374b0     libeay32:obj_dat.obj
 0002:000024c0       ??_C@_0P@CHEKODKF@hmacWithSHA384?$AA@ 00000001800374c0     libeay32:obj_dat.obj
 0002:000024d0       ??_C@_0P@KFBIHFBB@hmacWithSHA256?$AA@ 00000001800374d0     libeay32:obj_dat.obj
 0002:000024e0       ??_C@_0P@JCGBABBG@hmacWithSHA224?$AA@ 00000001800374e0     libeay32:obj_dat.obj
 0002:000024f0       ??_C@_0M@KOBPMNIO@hmacWithMD5?$AA@ 00000001800374f0     libeay32:obj_dat.obj
 0002:00002500       ??_C@_0BC@DONDMJAG@ecdsa?9with?9SHA512?$AA@ 0000000180037500     libeay32:obj_dat.obj
 0002:00002518       ??_C@_0BC@ECDDAKND@ecdsa?9with?9SHA384?$AA@ 0000000180037518     libeay32:obj_dat.obj
 0002:00002530       ??_C@_0BC@MAGBJMGH@ecdsa?9with?9SHA256?$AA@ 0000000180037530     libeay32:obj_dat.obj
 0002:00002548       ??_C@_0BC@PHBIOIGA@ecdsa?9with?9SHA224?$AA@ 0000000180037548     libeay32:obj_dat.obj
 0002:00002560       ??_C@_0BF@INFCLNHO@ecdsa?9with?9Specified?$AA@ 0000000180037560     libeay32:obj_dat.obj
 0002:00002578       ??_C@_0BH@GCJALNKM@ecdsa?9with?9Recommended?$AA@ 0000000180037578     libeay32:obj_dat.obj
 0002:00002590       ??_C@_0P@KDMMBOEP@id?9aes256?9wrap?$AA@ 0000000180037590     libeay32:obj_dat.obj
 0002:000025a0       ??_C@_0P@DJKBBDNG@id?9aes192?9wrap?$AA@ 00000001800375a0     libeay32:obj_dat.obj
 0002:000025b0       ??_C@_0P@MALLFAMO@id?9aes128?9wrap?$AA@ 00000001800375b0     libeay32:obj_dat.obj
 0002:000025c0       ??_C@_0BI@FNBGJEPL@id?9ct?9asciiTextWithCRLF?$AA@ 00000001800375c0     libeay32:obj_dat.obj
 0002:000025d8       ??_C@_0BL@HEJKLKLL@id?9smime?9ct?9compressedData?$AA@ 00000001800375d8     libeay32:obj_dat.obj
 0002:000025f8       ??_C@_0O@LBCGFGCI@CA?5Repository?$AA@ 00000001800375f8     libeay32:obj_dat.obj
 0002:00002608       ??_C@_0N@CKNFLOGG@caRepository?$AA@ 0000000180037608     libeay32:obj_dat.obj
 0002:00002618       ??_C@_0BD@MGCOMIO@id?9it?9suppLangTags?$AA@ 0000000180037618     libeay32:obj_dat.obj
 0002:00002630       ??_C@_0BJ@CDGIGDFG@Diffie?9Hellman?5based?5MAC?$AA@ 0000000180037630     libeay32:obj_dat.obj
 0002:00002650       ??_C@_0O@MEHCKGFD@id?9DHBasedMac?$AA@ 0000000180037650     libeay32:obj_dat.obj
 0002:00002660       ??_C@_0BD@FANJCJAP@password?5based?5MAC?$AA@ 0000000180037660     libeay32:obj_dat.obj
 0002:00002678       ??_C@_0BE@HCNFOMHA@id?9PasswordBasedMAC?$AA@ 0000000180037678     libeay32:obj_dat.obj
 0002:00002690       ??_C@_09KBOMLGBN@hmac?9sha1?$AA@ 0000000180037690     libeay32:obj_dat.obj
 0002:000026a0       ??_C@_09DDFKKHO@HMAC?9SHA1?$AA@ 00000001800376a0     libeay32:obj_dat.obj
 0002:000026b0       ??_C@_08LPACCAD@hmac?9md5?$AA@ 00000001800376b0     libeay32:obj_dat.obj
 0002:000026c0       ??_C@_08CABJBHIC@HMAC?9MD5?$AA@ 00000001800376c0     libeay32:obj_dat.obj
 0002:000026d0       ??_C@_08JGLJJHP@seed?9cfb?$AA@ 00000001800376d0     libeay32:obj_dat.obj
 0002:000026e0       ??_C@_08LHAGIIFM@SEED?9CFB?$AA@ 00000001800376e0     libeay32:obj_dat.obj
 0002:000026f0       ??_C@_08EDLNCGMH@seed?9ofb?$AA@ 00000001800376f0     libeay32:obj_dat.obj
 0002:00002700       ??_C@_08PNNADHOE@SEED?9OFB?$AA@ 0000000180037700     libeay32:obj_dat.obj
 0002:00002710       ??_C@_08BHHJAAOC@seed?9cbc?$AA@ 0000000180037710     libeay32:obj_dat.obj
 0002:00002720       ??_C@_08KJBEBBMB@SEED?9CBC?$AA@ 0000000180037720     libeay32:obj_dat.obj
 0002:00002730       ??_C@_08CKMLAEEI@seed?9ecb?$AA@ 0000000180037730     libeay32:obj_dat.obj
 0002:00002740       ??_C@_08JEKGBFGL@SEED?9ECB?$AA@ 0000000180037740     libeay32:obj_dat.obj
 0002:0000274c       ??_C@_04LLEAHKNI@kisa?$AA@ 000000018003774c     libeay32:obj_dat.obj
 0002:00002754       ??_C@_04HHHKJIKA@KISA?$AA@ 0000000180037754     libeay32:obj_dat.obj
 0002:00002760       ??_C@_0BK@EMNEMCDI@X509v3?5Certificate?5Issuer?$AA@ 0000000180037760     libeay32:obj_dat.obj
 0002:00002780       ??_C@_0BC@NAJGKAHO@certificateIssuer?$AA@ 0000000180037780     libeay32:obj_dat.obj
 0002:00002798       ??_C@_0CC@MMIACGNM@X509v3?5Issuing?5Distrubution?5Poin@ 0000000180037798     libeay32:obj_dat.obj
 0002:000027c0       ??_C@_0BJ@OAOPOBMH@issuingDistributionPoint?$AA@ 00000001800377c0     libeay32:obj_dat.obj
 0002:000027e0       ??_C@_0CE@OGGDDHCK@X509v3?5Subject?5Directory?5Attribu@ 00000001800377e0     libeay32:obj_dat.obj
 0002:00002808       ??_C@_0BL@GAJEKNCJ@subjectDirectoryAttributes?$AA@ 0000000180037808     libeay32:obj_dat.obj
 0002:00002828       ??_C@_0BB@EGAOKAEM@camellia?9256?9ofb?$AA@ 0000000180037828     libeay32:obj_dat.obj
 0002:00002840       ??_C@_0BB@FFEGHOPL@CAMELLIA?9256?9OFB?$AA@ 0000000180037840     libeay32:obj_dat.obj
 0002:00002858       ??_C@_0BB@JELAIPMN@camellia?9192?9ofb?$AA@ 0000000180037858     libeay32:obj_dat.obj
 0002:00002870       ??_C@_0BB@IHPIFBHK@CAMELLIA?9192?9OFB?$AA@ 0000000180037870     libeay32:obj_dat.obj
 0002:00002888       ??_C@_0BB@DHCMPIFB@camellia?9128?9ofb?$AA@ 0000000180037888     libeay32:obj_dat.obj
 0002:000028a0       ??_C@_0BB@CEGECGOG@CAMELLIA?9128?9OFB?$AA@ 00000001800378a0     libeay32:obj_dat.obj
 0002:000028b8       ??_C@_0BC@KNEDFCOB@camellia?9256?9cfb8?$AA@ 00000001800378b8     libeay32:obj_dat.obj
 0002:000028d0       ??_C@_0BC@PIFFDMBA@CAMELLIA?9256?9CFB8?$AA@ 00000001800378d0     libeay32:obj_dat.obj
 0002:000028e8       ??_C@_0BC@DHCOFPHI@camellia?9192?9cfb8?$AA@ 00000001800378e8     libeay32:obj_dat.obj
 0002:00002900       ??_C@_0BC@GCDIDBIJ@CAMELLIA?9192?9CFB8?$AA@ 0000000180037900     libeay32:obj_dat.obj
 0002:00002918       ??_C@_0BC@MODEBMGA@camellia?9128?9cfb8?$AA@ 0000000180037918     libeay32:obj_dat.obj
 0002:00002930       ??_C@_0BC@JLCCHCJB@CAMELLIA?9128?9CFB8?$AA@ 0000000180037930     libeay32:obj_dat.obj
 0002:00002948       ??_C@_0BC@HMIBOJKI@camellia?9256?9cfb1?$AA@ 0000000180037948     libeay32:obj_dat.obj
 0002:00002960       ??_C@_0BC@CJJHIHFJ@CAMELLIA?9256?9CFB1?$AA@ 0000000180037960     libeay32:obj_dat.obj
 0002:00002978       ??_C@_0BC@OGOMOEDB@camellia?9192?9cfb1?$AA@ 0000000180037978     libeay32:obj_dat.obj
 0002:00002990       ??_C@_0BC@LDPKIKMA@CAMELLIA?9192?9CFB1?$AA@ 0000000180037990     libeay32:obj_dat.obj
 0002:000029a8       ??_C@_0BC@BPPGKHCJ@camellia?9128?9cfb1?$AA@ 00000001800379a8     libeay32:obj_dat.obj
 0002:000029c0       ??_C@_0BC@EKOAMJNI@CAMELLIA?9128?9CFB1?$AA@ 00000001800379c0     libeay32:obj_dat.obj
 0002:000029d8       ??_C@_0BB@MNIBPPE@camellia?9256?9cfb?$AA@ 00000001800379d8     libeay32:obj_dat.obj
 0002:000029f0       ??_C@_0BB@BPJAMBED@CAMELLIA?9256?9CFB?$AA@ 00000001800379f0     libeay32:obj_dat.obj
 0002:00002a08       ??_C@_0BB@NOGGDAHF@camellia?9192?9cfb?$AA@ 0000000180037a08     libeay32:obj_dat.obj
 0002:00002a20       ??_C@_0BB@MNCOOOMC@CAMELLIA?9192?9CFB?$AA@ 0000000180037a20     libeay32:obj_dat.obj
 0002:00002a38       ??_C@_0BB@HNPKEHOJ@camellia?9128?9cfb?$AA@ 0000000180037a38     libeay32:obj_dat.obj
 0002:00002a50       ??_C@_0BB@GOLCJJFO@CAMELLIA?9128?9CFB?$AA@ 0000000180037a50     libeay32:obj_dat.obj
 0002:00002a68       ??_C@_0BB@CPHIICMD@camellia?9256?9ecb?$AA@ 0000000180037a68     libeay32:obj_dat.obj
 0002:00002a80       ??_C@_0BB@DMDAFMHE@CAMELLIA?9256?9ECB?$AA@ 0000000180037a80     libeay32:obj_dat.obj
 0002:00002a98       ??_C@_0BB@PNMGKNEC@camellia?9192?9ecb?$AA@ 0000000180037a98     libeay32:obj_dat.obj
 0002:00002ab0       ??_C@_0BB@OOIOHDPF@CAMELLIA?9192?9ECB?$AA@ 0000000180037ab0     libeay32:obj_dat.obj
 0002:00002ac8       ??_C@_0BB@FOFKNKNO@camellia?9128?9ecb?$AA@ 0000000180037ac8     libeay32:obj_dat.obj
 0002:00002ae0       ??_C@_0BB@ENBCAEGJ@CAMELLIA?9128?9ECB?$AA@ 0000000180037ae0     libeay32:obj_dat.obj
 0002:00002af8       ??_C@_0BB@BCMKIGGJ@camellia?9256?9cbc?$AA@ 0000000180037af8     libeay32:obj_dat.obj
 0002:00002b10       ??_C@_0BB@BICFINO@CAMELLIA?9256?9CBC?$AA@ 0000000180037b10     libeay32:obj_dat.obj
 0002:00002b28       ??_C@_0BB@MAHEKJOI@camellia?9192?9cbc?$AA@ 0000000180037b28     libeay32:obj_dat.obj
 0002:00002b40       ??_C@_0BB@NDDMHHFP@CAMELLIA?9192?9CBC?$AA@ 0000000180037b40     libeay32:obj_dat.obj
 0002:00002b58       ??_C@_0BB@GDOINOHE@camellia?9128?9cbc?$AA@ 0000000180037b58     libeay32:obj_dat.obj
 0002:00002b70       ??_C@_0BB@HAKAAAMD@CAMELLIA?9128?9CBC?$AA@ 0000000180037b70     libeay32:obj_dat.obj
 0002:00002b84       ??_C@_06DEKODPNG@ipsec4?$AA@ 0000000180037b84     libeay32:obj_dat.obj
 0002:00002b90       ??_C@_0O@FENFAHJA@Oakley?9EC2N?94?$AA@ 0000000180037b90     libeay32:obj_dat.obj
 0002:00002ba0       ??_C@_06HLOPKJBB@ipsec3?$AA@ 0000000180037ba0     libeay32:obj_dat.obj
 0002:00002ba8       ??_C@_0O@BLJEJBFH@Oakley?9EC2N?93?$AA@ 0000000180037ba8     libeay32:obj_dat.obj
 0002:00002bb8       ??_C@_0BK@FPAAFIAO@X509v3?5Inhibit?5Any?5Policy?$AA@ 0000000180037bb8     libeay32:obj_dat.obj
 0002:00002bd8       ??_C@_0BB@CFCCDKGF@inhibitAnyPolicy?$AA@ 0000000180037bd8     libeay32:obj_dat.obj
 0002:00002bf0       ??_C@_0BH@NJBPACCN@X509v3?5Policy?5Mappings?$AA@ 0000000180037bf0     libeay32:obj_dat.obj
 0002:00002c08       ??_C@_0P@MEGGINDP@policyMappings?$AA@ 0000000180037c08     libeay32:obj_dat.obj
 0002:00002c18       ??_C@_0BC@CEEMIAHF@X509v3?5Any?5Policy?$AA@ 0000000180037c18     libeay32:obj_dat.obj
 0002:00002c30       ??_C@_09HBBJOJHB@anyPolicy?$AA@ 0000000180037c30     libeay32:obj_dat.obj
 0002:00002c40       ??_C@_0BI@MNOLKEAO@wap?9wsg?9idm?9ecid?9wtls12?$AA@ 0000000180037c40     libeay32:obj_dat.obj
 0002:00002c58       ??_C@_0BI@OGMGPHMN@wap?9wsg?9idm?9ecid?9wtls11?$AA@ 0000000180037c58     libeay32:obj_dat.obj
 0002:00002c70       ??_C@_0BI@PPNNMGIM@wap?9wsg?9idm?9ecid?9wtls10?$AA@ 0000000180037c70     libeay32:obj_dat.obj
 0002:00002c88       ??_C@_0BH@DMKMEGHN@wap?9wsg?9idm?9ecid?9wtls9?$AA@ 0000000180037c88     libeay32:obj_dat.obj
 0002:00002ca0       ??_C@_0BH@CFLHHHDM@wap?9wsg?9idm?9ecid?9wtls8?$AA@ 0000000180037ca0     libeay32:obj_dat.obj
 0002:00002cb8       ??_C@_0BH@KCCPGLPD@wap?9wsg?9idm?9ecid?9wtls7?$AA@ 0000000180037cb8     libeay32:obj_dat.obj
 0002:00002cd0       ??_C@_0BH@LLDEFKLC@wap?9wsg?9idm?9ecid?9wtls6?$AA@ 0000000180037cd0     libeay32:obj_dat.obj
 0002:00002ce8       ??_C@_0BH@JABJAJHB@wap?9wsg?9idm?9ecid?9wtls5?$AA@ 0000000180037ce8     libeay32:obj_dat.obj
 0002:00002d00       ??_C@_0BH@IJACDIDA@wap?9wsg?9idm?9ecid?9wtls4?$AA@ 0000000180037d00     libeay32:obj_dat.obj
 0002:00002d18       ??_C@_0BH@MGEDKOPH@wap?9wsg?9idm?9ecid?9wtls3?$AA@ 0000000180037d18     libeay32:obj_dat.obj
 0002:00002d30       ??_C@_0BH@PEHFMMHF@wap?9wsg?9idm?9ecid?9wtls1?$AA@ 0000000180037d30     libeay32:obj_dat.obj
 0002:00002d48       ??_C@_09MPLFOIFJ@sect571r1?$AA@ 0000000180037d48     libeay32:obj_dat.obj
 0002:00002d58       ??_C@_09NMECHAKG@sect571k1?$AA@ 0000000180037d58     libeay32:obj_dat.obj
 0002:00002d68       ??_C@_09HDHNMPAD@sect409r1?$AA@ 0000000180037d68     libeay32:obj_dat.obj
 0002:00002d78       ??_C@_09GAIKFHPM@sect409k1?$AA@ 0000000180037d78     libeay32:obj_dat.obj
 0002:00002d88       ??_C@_09PKOJIHLL@sect283r1?$AA@ 0000000180037d88     libeay32:obj_dat.obj
 0002:00002d98       ??_C@_09OJBOBPEE@sect283k1?$AA@ 0000000180037d98     libeay32:obj_dat.obj
 0002:00002da8       ??_C@_09PBHDMODB@sect239k1?$AA@ 0000000180037da8     libeay32:obj_dat.obj
 0002:00002db8       ??_C@_09INDJLGKK@sect233r1?$AA@ 0000000180037db8     libeay32:obj_dat.obj
 0002:00002dc8       ??_C@_09JOMOCOFF@sect233k1?$AA@ 0000000180037dc8     libeay32:obj_dat.obj
[...]
 0003:0003cde8       __winitenv                 0000000180083de8     LIBCMT:crt0dat.obj
 0003:0003cdf0       _pgmptr                    0000000180083df0     LIBCMT:crt0dat.obj
 0003:0003cdf8       _wpgmptr                   0000000180083df8     LIBCMT:crt0dat.obj
 0003:0003ce00       _exitflag                  0000000180083e00     LIBCMT:crt0dat.obj
 0003:0003ce04       _C_Termination_Done        0000000180083e04     LIBCMT:crt0dat.obj
 0003:0003ce08       _C_Exit_Done               0000000180083e08     LIBCMT:crt0dat.obj
 0003:0003ce60       _maxwait                   0000000180083e60     LIBCMT:crtheap.obj
 0003:0003d0a0       _stdbuf                    00000001800840a0     LIBCMT:_sftbuf.obj
 0003:0003d0b8       __mbulinfo                 00000001800840b8     LIBCMT:mbctype.obj
 0003:0003d0c4       __mbcodepage               00000001800840c4     LIBCMT:mbctype.obj
 0003:0003d0c8       __ismbcodepage             00000001800840c8     LIBCMT:mbctype.obj
 0003:0003d0cc       __mblcid                   00000001800840cc     LIBCMT:mbctype.obj
 0003:0003d0d0       __locale_changed           00000001800840d0     LIBCMT:setlocal.obj
 0003:0003d0d8       _crtheap                   00000001800840d8     LIBCMT:heapinit.obj
 0003:0003d708       ?_pnhHeap@@3P6AH_K@ZEA     0000000180084708     LIBCMT:handler.obj
 0003:0003d710       _newmode                   0000000180084710     LIBCMT:_newmode.obj
 0003:0003d828       _fmode                     0000000180084828     LIBCMT:txtmode.obj
 0003:0003d830       ?__pInconsistency@@3P6AXXZEA 0000000180084830     LIBCMT:hooks.obj
 0003:0003d840       __pPurecall                0000000180084840     LIBCMT:inithelp.obj
 0003:0003d848       __lconv_static_null        0000000180084848     LIBCMT:lconv.obj
 0003:0003d84c       __lconv_static_W_null      000000018008484c     LIBCMT:lconv.obj
 0003:0003d850       _commode                   0000000180084850     LIBCMT:ncommode.obj
 0003:0003d854       _outputformat              0000000180084854     LIBCMT:outputformat.obj
 0003:0003da90       float_0                    0000000180084a90     disasm_x86.obj
 0003:0003daa0       X86_Invalid_Op16_1         0000000180084aa0     disasm_x86.obj
 0003:0003dbb4       isOCIAttrSetHooked         0000000180084bb4     ocioralog.obj
 0003:0003dbb8       hAppInstance               0000000180084bb8     ocioralog.obj
 0003:0003dbc0       logfn                      0000000180084bc0     ocioralog.obj
 0003:0003dfa8       isOCIServerAttachHooked    0000000180084fa8     ocioralog.obj
 0003:0003dfac       isOCIStmtExecuteHooked     0000000180084fac     ocioralog.obj
 0003:0003dfb0       ?fnThread32Next@@3P6AHPEAXPEAUtagTHREADENTRY32@@@ZEA 0000000180084fb0     mhook.obj
 0003:0003dfb8       ?fnCreateToolhelp32Snapshot@@3P6APEAXKK@ZEA 0000000180084fb8     mhook.obj
 0003:0003dfc0       ?fnThread32First@@3P6AHPEAXPEAUtagTHREADENTRY32@@@ZEA 0000000180084fc0     mhook.obj
 0003:0003dfc8       _debugger_hook_dummy       0000000180084fc8     <common>
 0003:0003dfcc       _nhandle                   0000000180084fcc     <common>
 0003:0003dfe0       __pioinfo                  0000000180084fe0     <common>
 0003:0003e1e0       __env_initialized          00000001800851e0     <common>
 0003:0003e1e8       __onexitend                00000001800851e8     <common>
 0003:0003e1f0       __onexitbegin              00000001800851f0     <common>
 0003:0003e1f8       __mbctype_initialized      00000001800851f8     <common>
 0003:0003e200       __dyn_tls_init_callback    0000000180085200     <common>
 0003:0003e208       _pDestructExceptionObject  0000000180085208     <common>
 0003:0003e210       _acmdln                    0000000180085210     <common>
 0003:0003e218       __piob                     0000000180085218     <common>
 0003:0003e220       _bufin                     0000000180085220     <common>
 0003:0003f220       _nstream                   0000000180086220     <common>
 0003:0003f228       o_ocistmtexecute           0000000180086228     <common>
 0003:0003f230       o_ociserverattach          0000000180086230     <common>
 0003:0003f238       o_ociattrset               0000000180086238     <common>

 entry point at        0001:00024174

 Static symbols

 0001:00005800       SetOperands                0000000180006800 f    CIL library: CIL module
 0001:0000bf80       SetModRM16                 000000018000cf80 f    CIL library: CIL module
 0001:0000c4d0       SetModRM32                 000000018000d4d0 f    CIL library: CIL module
 0001:0000cc70       SetSIB                     000000018000dc70 f    CIL library: CIL module
 0001:0000d210       ApplyDisplacement          000000018000e210 f    CIL library: CIL module
 0001:0000d2a0       IsValidLockPrefix          000000018000e2a0 f    CIL library: CIL module
 0001:0000d410       ?SkipJumps@@YAPEAEPEAE@Z   000000018000e410 f    CIL library: CIL module
 0001:0000d450       ?TrampolineAlloc@@YAPEAUMHOOKS_TRAMPOLINE@@PEAE_J1@Z 000000018000e450 f    CIL library: CIL module
 0001:0000d5c0       ?SuspendOneThread@@YAPEAXKPEAEK@Z 000000018000e5c0 f    CIL library: CIL module
 0001:0000d6f0       ?ResumeOtherThreads@@YAXXZ 000000018000e6f0 f    CIL library: CIL module
 0001:0000d7b0       ?SuspendOtherThreads@@YAHPEAEK@Z 000000018000e7b0 f    CIL library: CIL module
 0001:0000d990       ?DisassembleAndSkip@@YAKPEAXKPEAUMHOOKS_PATCHDATA@@@Z 000000018000e990 f    CIL library: CIL module
 0001:000103a0       des_ecb_cipher             00000001800113a0 f   libeay32:e_des.obj
 0001:00010420       des_ofb_cipher             0000000180011420 f   libeay32:e_des.obj
 0001:00010470       des_cbc_cipher             0000000180011470 f   libeay32:e_des.obj
 0001:000104b0       des_cfb64_cipher           00000001800114b0 f   libeay32:e_des.obj
 0001:00010510       des_cfb1_cipher            0000000180011510 f   libeay32:e_des.obj
 0001:00010620       des_cfb8_cipher            0000000180011620 f   libeay32:e_des.obj
 0001:00010680       des_init_key               0000000180011680 f   libeay32:e_des.obj
 0001:000106b0       des_ctrl                   00000001800116b0 f   libeay32:e_des.obj
 0001:00010720       do_evp_enc_engine          0000000180011720 f   libeay32:enc_min.obj
 0001:00010b40       default_malloc_ex          0000000180011b40 f   libeay32:mem.obj
 0001:00010b60       default_realloc_ex         0000000180011b60 f   libeay32:mem.obj
 0001:00010b80       default_malloc_locked_ex   0000000180011b80 f   libeay32:mem.obj
 0001:00010f00       _strlen31                  0000000180011f00 f   libeay32:cryptlib.obj
 0001:00013970       err_fns_check              0000000180014970 f   libeay32:err_def.obj
 0001:000139e0       int_err_del                00000001800149e0 f   libeay32:err_def.obj
 0001:00013a40       int_err_get_item           0000000180014a40 f   libeay32:err_def.obj
 0001:00013ad0       int_err_set_item           0000000180014ad0 f   libeay32:err_def.obj
 0001:00013b60       int_err_del_item           0000000180014b60 f   libeay32:err_def.obj
 0001:00013bf0       int_thread_release         0000000180014bf0 f   libeay32:err_def.obj
 0001:00013c40       int_thread_get_item        0000000180014c40 f   libeay32:err_def.obj
 0001:00013cd0       int_thread_set_item        0000000180014cd0 f   libeay32:err_def.obj
 0001:00013d70       int_err_get_next_lib       0000000180014d70 f   libeay32:err_def.obj
 0001:00013dd0       ERR_STATE_free             0000000180014dd0 f   libeay32:err_def.obj
 0001:00013e60       err_hash                   0000000180014e60 f   libeay32:err_def.obj
 0001:00013ea0       pid_hash                   0000000180014ea0 f   libeay32:err_def.obj
 0001:00013fb0       int_err_get                0000000180014fb0 f   libeay32:err_def.obj
 0001:00014060       int_thread_get             0000000180015060 f   libeay32:err_def.obj
 0001:00014120       int_thread_del_item        0000000180015120 f   libeay32:err_def.obj
 0001:000142e0       ssleay_rand_cleanup        00000001800152e0 f   libeay32:md_rand.obj
 0001:00014350       ssleay_rand_add            0000000180015350 f   libeay32:md_rand.obj
 0001:00014790       ssleay_rand_seed           0000000180015790 f   libeay32:md_rand.obj
 0001:000147b0       ssleay_rand_bytes          00000001800157b0 f   libeay32:md_rand.obj
 0001:00014c50       ssleay_rand_pseudo_bytes   0000000180015c50 f   libeay32:md_rand.obj
 0001:00014ca0       ssleay_rand_status         0000000180015ca0 f   libeay32:md_rand.obj
 0001:000155d0       expand                     00000001800165d0 f   libeay32:lhash.obj
 0001:000156d0       contract                   00000001800166d0 f   libeay32:lhash.obj
 0001:00015c10       do_evp_md_engine           0000000180016c10 f   libeay32:digest.obj
 0001:00015f00       init                       0000000180016f00 f   libeay32:m_sha1.obj
 0001:00015f20       update                     0000000180016f20 f   libeay32:m_sha1.obj
 0001:00015f40       final                      0000000180016f40 f   libeay32:m_sha1.obj
 0001:00015f70       init224                    0000000180016f70 f   libeay32:m_sha1.obj
 0001:00015f90       init256                    0000000180016f90 f   libeay32:m_sha1.obj
 0001:00015fb0       update256                  0000000180016fb0 f   libeay32:m_sha1.obj
 0001:00015fd0       final256                   0000000180016fd0 f   libeay32:m_sha1.obj
 0001:00015ff0       init384                    0000000180016ff0 f   libeay32:m_sha1.obj
 0001:00016010       init512                    0000000180017010 f   libeay32:m_sha1.obj
 0001:00016030       update512                  0000000180017030 f   libeay32:m_sha1.obj
 0001:00016050       final512                   0000000180017050 f   libeay32:m_sha1.obj
 0001:00016070       readtimer                  0000000180017070 f   libeay32:rand_win.obj
 0001:00017720       impl_check                 0000000180018720 f   libeay32:ex_data.obj
 0001:00017780       ex_hash_cb                 0000000180018780 f   libeay32:ex_data.obj
 0001:00017790       err_cmp                    0000000180018790 f   libeay32:ex_data.obj
 0001:00017790       pid_cmp                    0000000180018790 f   libeay32:ex_data.obj
 0001:00017790       ex_cmp_cb                  0000000180018790 f   libeay32:ex_data.obj
 0001:000177a0       ex_data_check              00000001800187a0 f   libeay32:ex_data.obj
 0001:00017820       def_cleanup_util_cb        0000000180018820 f   libeay32:ex_data.obj
 0001:00017840       def_cleanup_cb             0000000180018840 f   libeay32:ex_data.obj
 0001:00017870       def_get_class              0000000180018870 f   libeay32:ex_data.obj
 0001:00017980       def_add_index              0000000180018980 f   libeay32:ex_data.obj
 0001:00017ad0       int_new_class              0000000180018ad0 f   libeay32:ex_data.obj
 0001:00017b30       int_cleanup                0000000180018b30 f   libeay32:ex_data.obj
 0001:00017b90       int_get_new_index          0000000180018b90 f   libeay32:ex_data.obj
 0001:00017d50       int_new_ex_data            0000000180018d50 f   libeay32:ex_data.obj
 0001:00017f00       int_dup_ex_data            0000000180018f00 f   libeay32:ex_data.obj
 0001:000180f0       int_free_ex_data           00000001800190f0 f   libeay32:ex_data.obj
 0001:00018880       sha1_block_data_order      0000000180019880 f   libeay32:sha1dgst.obj
 0001:00019f70       sha256_block_data_order    000000018001af70 f   libeay32:sha256.obj
 0001:0001b570       sha512_block_data_order    000000018001c570 f   libeay32:sha512.obj
 0001:0001d400       asn1_item_combine_free     000000018001e400 f   libeay32:tasn_fre.obj
 0001:0001daa0       asn1_check_tlen            000000018001eaa0 f   libeay32:tasn_dec.obj
 0001:0001dcd0       asn1_template_ex_d2i       000000018001ecd0 f   libeay32:tasn_dec.obj
 0001:0001def0       asn1_find_end              000000018001eef0 f   libeay32:tasn_dec.obj
 0001:0001e040       asn1_collect               000000018001f040 f   libeay32:tasn_dec.obj
 0001:0001e330       asn1_d2i_ex_primitive      000000018001f330 f   libeay32:tasn_dec.obj
 0001:0001f3a0       asn1_template_noexp_d2i    00000001800203a0 f   libeay32:tasn_dec.obj
 0001:0001f960       asn1_template_ex_i2d       0000000180020960 f   libeay32:tasn_enc.obj
 0001:0001fc60       der_cmp                    0000000180020c60 f   libeay32:tasn_enc.obj
 0001:0001fe60       asn1_i2d_ex_primitive      0000000180020e60 f   libeay32:tasn_enc.obj
 0001:00020420       asn1_set_seq_out           0000000180021420 f   libeay32:tasn_enc.obj
 0001:00020690       asn1_item_flags_i2d        0000000180021690 f   libeay32:tasn_enc.obj
 0001:000208d0       asn1_item_ex_combine_new   00000001800218d0 f   libeay32:tasn_new.obj
 0001:00020b70       asn1_item_clear            0000000180021b70 f   libeay32:tasn_new.obj
 0001:00020d80       file_new                   0000000180021d80 f   libeay32:bss_file.obj
 0001:00020da0       file_free                  0000000180021da0 f   libeay32:bss_file.obj
 0001:00020e00       file_read                  0000000180021e00 f   libeay32:bss_file.obj
 0001:00020ec0       file_write                 0000000180021ec0 f   libeay32:bss_file.obj
 0001:00020f10       file_ctrl                  0000000180021f10 f   libeay32:bss_file.obj
 0001:00021220       file_gets                  0000000180022220 f   libeay32:bss_file.obj
 0001:00021280       file_puts                  0000000180022280 f   libeay32:bss_file.obj
 0001:00021e80       swprintf                   0000000180022e80 f   LIBCMT:wassert.obj
 0001:00022da0       flsall                     0000000180023da0 f   LIBCMT:fflush.obj
 0001:00024058       __DllMainCRTStartup        0000000180025058 f   LIBCMT:dllcrt0.obj
 0001:000249e0       shortsort                  00000001800259e0 f   LIBCMT:qsort.obj
 0001:00025f04       _initterm                  0000000180026f04 f   LIBCMT:crt0dat.obj
 0001:00026024       doexit                     0000000180027024 f   LIBCMT:crt0dat.obj
 0001:00026664       xtow_s                     0000000180027664 f   LIBCMT:xtows.obj
 0001:00027da0       write_char                 0000000180028da0 f   LIBCMT:output.obj
 0001:00027de8       write_multi_char           0000000180028de8 f   LIBCMT:output.obj
 0001:00027e3c       write_string               0000000180028e3c f   LIBCMT:output.obj
 0001:00028a54       ?setSBCS@@YAXPEAUthreadmbcinfostruct@@@Z 0000000180029a54 f   LIBCMT:mbctype.obj
 0001:00028ae0       ?setSBUpLow@@YAXPEAUthreadmbcinfostruct@@@Z 0000000180029ae0 f   LIBCMT:mbctype.obj
 0001:00028d8c       ?getSystemCP@@YAHH@Z       0000000180029d8c f   LIBCMT:mbctype.obj
 0001:0002ab94       parse_cmdline              000000018002bb94 f   LIBCMT:stdargv.obj
 0001:0002b258       write_char                 000000018002c258 f   LIBCMT:woutput.obj
 0001:0002b290       write_multi_char           000000018002c290 f   LIBCMT:woutput.obj
 0001:0002b2e4       write_string               000000018002c2e4 f   LIBCMT:woutput.obj
 0001:0002c004       _cftoe2_l                  000000018002d004 f   LIBCMT:cvt.obj
 0001:0002c710       _cftof2_l                  000000018002d710 f   LIBCMT:cvt.obj
 0001:0002e340       ?__crtLCMapStringA_stat@@YAHPEAUlocaleinfo_struct@@KKPEBDHPEADHHH@Z 000000018002f340 f   LIBCMT:a_map.obj
 0001:0002e6a4       ?__crtGetStringTypeA_stat@@YAHPEAUlocaleinfo_struct@@KPEBDHPEAGHHH@Z 000000018002f6a4 f   LIBCMT:a_str.obj
 0001:0002eeb8       _tsopen_nolock             000000018002feb8 f   LIBCMT:open.obj
 0001:0002fac0       ?__crtCompareStringA_stat@@YAHPEAUlocaleinfo_struct@@KKPEBDH1HH@Z 0000000180030ac0 f   LIBCMT:a_cmp.obj
 0001:00030330       ?x_ismbbtype_l@@YAHPEAUlocaleinfo_struct@@IHH@Z 0000000180031330 f   LIBCMT:ismbbyte.obj
 0001:00033350       flsall$fin$0               0000000180034350 f   LIBCMT:fflush.obj
 0001:00033380       flsall$fin$1               0000000180034380 f   LIBCMT:fflush.obj
 0001:0003339b       printf$fin$0               000000018003439b f   LIBCMT:printf.obj
 0001:000333c2       fgets$fin$0                00000001800343c2 f   LIBCMT:fgets.obj
 0001:000333dc       fwprintf$fin$0             00000001800343dc f   LIBCMT:fopen.obj
 0001:000333dc       setvbuf$fin$0              00000001800343dc f   LIBCMT:fopen.obj
 0001:000333dc       _fsopen$fin$0              00000001800343dc f   LIBCMT:fopen.obj
 0001:000333f6       fprintf$fin$0              00000001800343f6 f   LIBCMT:fprintf.obj
 0001:00033410       fseek$fin$0                0000000180034410 f   LIBCMT:fseek.obj
 0001:00033410       ftell$fin$0                0000000180034410 f   LIBCMT:fseek.obj
 0001:00033410       fclose$fin$0               0000000180034410 f   LIBCMT:fseek.obj
 0001:00033410       fflush$fin$0               0000000180034410 f   LIBCMT:fseek.obj
 0001:0003342a       getenv$fin$0               000000018003442a f   LIBCMT:getenv.obj
 0001:00033445       _CRT_INIT$fin$0            0000000180034445 f   LIBCMT:dllcrt0.obj
 0001:0003346b       __DllMainCRTStartup$filt$0 000000018003446b f   LIBCMT:dllcrt0.obj
 0001:00033489       vfprintf_helper$fin$0      0000000180034489 f   LIBCMT:vfprintf.obj
 0001:00033489       fwrite$fin$0               0000000180034489 f   LIBCMT:vfprintf.obj
 0001:000334a3       fread_s$fin$0              00000001800344a3 f   LIBCMT:fread.obj
 0001:000334bd       doexit$fin$0               00000001800344bd f   LIBCMT:crt0dat.obj
 0001:000334e1       raise$fin$0                00000001800344e1 f   LIBCMT:winsig.obj
 0001:000334ff       _fcloseall$fin$0           00000001800344ff f   LIBCMT:closeall.obj
 0001:000334ff       _getstream$fin$0           00000001800344ff f   LIBCMT:closeall.obj
 0001:0003351a       _mtinitlocknum$fin$0       000000018003451a f   LIBCMT:mlock.obj
 0001:00033538       _lseek$fin$0               0000000180034538 f   LIBCMT:write.obj
 0001:00033538       _write$fin$0               0000000180034538 f   LIBCMT:write.obj
 0001:00033538       _lseeki64$fin$0            0000000180034538 f   LIBCMT:write.obj
 0001:00033538       _read$fin$0                0000000180034538 f   LIBCMT:write.obj
 0001:00033551       _setmbcp$fin$0             0000000180034551 f   LIBCMT:mbctype.obj
 0001:00033551       __updatetmbcinfo$fin$0     0000000180034551 f   LIBCMT:mbctype.obj
 0001:0003356c       __updatetlocinfo$fin$0     000000018003456c f   LIBCMT:localref.obj
 0001:00033587       _initptd$fin$1             0000000180034587 f   LIBCMT:tidtable.obj
 0001:00033587       _freefls$fin$1             0000000180034587 f   LIBCMT:tidtable.obj
 0001:000335a7       _initptd$fin$0             00000001800345a7 f   LIBCMT:tidtable.obj
 0001:000335a7       _freefls$fin$0             00000001800345a7 f   LIBCMT:tidtable.obj
 0001:000335c2       _close$fin$0               00000001800345c2 f   LIBCMT:close.obj
 0001:000335c2       _setmode$fin$0             00000001800345c2 f   LIBCMT:close.obj
 0001:000335c2       _commit$fin$0              00000001800345c2 f   LIBCMT:close.obj
 0001:000335db       __lock_fhandle$fin$0       00000001800345db f   LIBCMT:osfinfo.obj
 0001:000335f6       _alloc_osfhnd$fin$0        00000001800345f6 f   LIBCMT:osfinfo.obj
 0001:00033616       _alloc_osfhnd$fin$1        0000000180034616 f   LIBCMT:osfinfo.obj
 0001:00033640       _IsNonwritableInCurrentImage$filt$0 0000000180034640 f   LIBCMT:pesect.obj
 0001:00033662       _onexit$fin$0              0000000180034662 f   LIBCMT:onexit.obj
 0001:00033678       _sopen_helper$fin$0        0000000180034678 f   LIBCMT:open.obj
 0001:000336d0       ??__EfnCreateToolhelp32Snapshot@@YAXXZ 00000001800346d0 f    CIL library: CIL module
 0001:00033700       ??__EfnThread32First@@YAXXZ 0000000180034700 f    CIL library: CIL module
 0001:00033730       ??__EfnThread32Next@@YAXXZ 0000000180034730 f    CIL library: CIL module
